Archive member included to satisfy reference by file (symbol)

C:/Users/NikolaT/.pico-sdk/toolchain/14_2_Rel1/bin/../lib/gcc/arm-none-eabi/14.2.1/thumb/v6-m/nofp\libgcc.a(_dvmd_tls.o)
                              CMakeFiles/util_pico_spi_slave.dir/C_/Users/NikolaT/.pico-sdk/sdk/2.1.1/src/rp2_common/pico_divider/divider_hardware.S.obj (__aeabi_idiv0)
C:/Users/NikolaT/.pico-sdk/toolchain/14_2_Rel1/bin/../lib/gcc/arm-none-eabi/14.2.1/thumb/v6-m/nofp\libg.a(libc_a-calloc.o)
                              CMakeFiles/util_pico_spi_slave.dir/C_/Users/NikolaT/.pico-sdk/sdk/2.1.1/src/rp2_common/pico_malloc/malloc.c.obj (calloc)
C:/Users/NikolaT/.pico-sdk/toolchain/14_2_Rel1/bin/../lib/gcc/arm-none-eabi/14.2.1/thumb/v6-m/nofp\libg.a(libc_a-callocr.o)
                              C:/Users/NikolaT/.pico-sdk/toolchain/14_2_Rel1/bin/../lib/gcc/arm-none-eabi/14.2.1/thumb/v6-m/nofp\libg.a(libc_a-calloc.o) (_calloc_r)
C:/Users/NikolaT/.pico-sdk/toolchain/14_2_Rel1/bin/../lib/gcc/arm-none-eabi/14.2.1/thumb/v6-m/nofp\libg.a(libc_a-malloc.o)
                              CMakeFiles/util_pico_spi_slave.dir/C_/Users/NikolaT/.pico-sdk/sdk/2.1.1/src/rp2_common/pico_malloc/malloc.c.obj (malloc)
C:/Users/NikolaT/.pico-sdk/toolchain/14_2_Rel1/bin/../lib/gcc/arm-none-eabi/14.2.1/thumb/v6-m/nofp\libg.a(libc_a-mallocr.o)
                              C:/Users/NikolaT/.pico-sdk/toolchain/14_2_Rel1/bin/../lib/gcc/arm-none-eabi/14.2.1/thumb/v6-m/nofp\libg.a(libc_a-callocr.o) (_malloc_r)
C:/Users/NikolaT/.pico-sdk/toolchain/14_2_Rel1/bin/../lib/gcc/arm-none-eabi/14.2.1/thumb/v6-m/nofp\libg.a(libc_a-mlock.o)
                              C:/Users/NikolaT/.pico-sdk/toolchain/14_2_Rel1/bin/../lib/gcc/arm-none-eabi/14.2.1/thumb/v6-m/nofp\libg.a(libc_a-mallocr.o) (__malloc_lock)
C:/Users/NikolaT/.pico-sdk/toolchain/14_2_Rel1/bin/../lib/gcc/arm-none-eabi/14.2.1/thumb/v6-m/nofp\libg.a(libc_a-realloc.o)
                              CMakeFiles/util_pico_spi_slave.dir/C_/Users/NikolaT/.pico-sdk/sdk/2.1.1/src/rp2_common/pico_malloc/malloc.c.obj (realloc)
C:/Users/NikolaT/.pico-sdk/toolchain/14_2_Rel1/bin/../lib/gcc/arm-none-eabi/14.2.1/thumb/v6-m/nofp\libg.a(libc_a-reallocr.o)
                              C:/Users/NikolaT/.pico-sdk/toolchain/14_2_Rel1/bin/../lib/gcc/arm-none-eabi/14.2.1/thumb/v6-m/nofp\libg.a(libc_a-realloc.o) (_realloc_r)
C:/Users/NikolaT/.pico-sdk/toolchain/14_2_Rel1/bin/../lib/gcc/arm-none-eabi/14.2.1/thumb/v6-m/nofp\libg.a(libc_a-memcmp.o)
                              CMakeFiles/util_pico_spi_slave.dir/C_/Users/NikolaT/.pico-sdk/sdk/2.1.1/src/rp2_common/pico_atomic/atomic.c.obj (memcmp)
C:/Users/NikolaT/.pico-sdk/toolchain/14_2_Rel1/bin/../lib/gcc/arm-none-eabi/14.2.1/thumb/v6-m/nofp\libg.a(libc_a-memmove.o)
                              C:/Users/NikolaT/.pico-sdk/toolchain/14_2_Rel1/bin/../lib/gcc/arm-none-eabi/14.2.1/thumb/v6-m/nofp\libg.a(libc_a-reallocr.o) (memmove)
C:/Users/NikolaT/.pico-sdk/toolchain/14_2_Rel1/bin/../lib/gcc/arm-none-eabi/14.2.1/thumb/v6-m/nofp\libg.a(libc_a-lcltime_r.o)
                              CMakeFiles/util_pico_spi_slave.dir/C_/Users/NikolaT/.pico-sdk/sdk/2.1.1/src/common/pico_util/datetime.c.obj (localtime_r)
C:/Users/NikolaT/.pico-sdk/toolchain/14_2_Rel1/bin/../lib/gcc/arm-none-eabi/14.2.1/thumb/v6-m/nofp\libg.a(libc_a-mktime.o)
                              CMakeFiles/util_pico_spi_slave.dir/C_/Users/NikolaT/.pico-sdk/sdk/2.1.1/src/common/pico_util/datetime.c.obj (mktime)
C:/Users/NikolaT/.pico-sdk/toolchain/14_2_Rel1/bin/../lib/gcc/arm-none-eabi/14.2.1/thumb/v6-m/nofp\libg.a(libc_a-month_lengths.o)
                              C:/Users/NikolaT/.pico-sdk/toolchain/14_2_Rel1/bin/../lib/gcc/arm-none-eabi/14.2.1/thumb/v6-m/nofp\libg.a(libc_a-lcltime_r.o) (__month_lengths)
C:/Users/NikolaT/.pico-sdk/toolchain/14_2_Rel1/bin/../lib/gcc/arm-none-eabi/14.2.1/thumb/v6-m/nofp\libg.a(libc_a-tzcalc_limits.o)
                              C:/Users/NikolaT/.pico-sdk/toolchain/14_2_Rel1/bin/../lib/gcc/arm-none-eabi/14.2.1/thumb/v6-m/nofp\libg.a(libc_a-lcltime_r.o) (__tzcalc_limits)
C:/Users/NikolaT/.pico-sdk/toolchain/14_2_Rel1/bin/../lib/gcc/arm-none-eabi/14.2.1/thumb/v6-m/nofp\libg.a(libc_a-tzlock.o)
                              C:/Users/NikolaT/.pico-sdk/toolchain/14_2_Rel1/bin/../lib/gcc/arm-none-eabi/14.2.1/thumb/v6-m/nofp\libg.a(libc_a-lcltime_r.o) (__tz_lock)
C:/Users/NikolaT/.pico-sdk/toolchain/14_2_Rel1/bin/../lib/gcc/arm-none-eabi/14.2.1/thumb/v6-m/nofp\libg.a(libc_a-tzset.o)
                              C:/Users/NikolaT/.pico-sdk/toolchain/14_2_Rel1/bin/../lib/gcc/arm-none-eabi/14.2.1/thumb/v6-m/nofp\libg.a(libc_a-lcltime_r.o) (_tzset_unlocked)
C:/Users/NikolaT/.pico-sdk/toolchain/14_2_Rel1/bin/../lib/gcc/arm-none-eabi/14.2.1/thumb/v6-m/nofp\libg.a(libc_a-tzset_r.o)
                              C:/Users/NikolaT/.pico-sdk/toolchain/14_2_Rel1/bin/../lib/gcc/arm-none-eabi/14.2.1/thumb/v6-m/nofp\libg.a(libc_a-tzset.o) (_tzset_unlocked_r)
[...]
Memory Configuration

Name             Origin             Length             Attributes
FLASH            0x10000000         0x00200000         xr
RAM              0x20000000         0x00040000         xrw
SCRATCH_X        0x20040000         0x00001000         xrw
SCRATCH_Y        0x20041000         0x00001000         xrw
*default*        0x00000000         0xffffffff

Linker script and memory map

LOAD C:/Users/NikolaT/.pico-sdk/toolchain/14_2_Rel1/bin/../lib/gcc/arm-none-eabi/14.2.1/thumb/v6-m/nofp/crti.o
LOAD C:/Users/NikolaT/.pico-sdk/toolchain/14_2_Rel1/bin/../lib/gcc/arm-none-eabi/14.2.1/thumb/v6-m/nofp/crtbegin.o
LOAD C:/Users/NikolaT/.pico-sdk/toolchain/14_2_Rel1/bin/../lib/gcc/arm-none-eabi/14.2.1/thumb/v6-m/nofp/crt0.o

.flash_begin    0x10000000        0x0
                0x10000000                        __flash_binary_start = .

.boot2          0x10000000      0x100
                0x10000000                        __boot2_start__ = .
 *(.boot2)
 .boot2         0x10000000      0x100 pico-sdk/src/rp2040/boot_stage2/CMakeFiles/bs2_default_library.dir/./bs2_default_padded_checksummed.S.obj
                0x10000100                        __boot2_end__ = .
                0x00000001                        ASSERT (((__boot2_end__ - __boot2_start__) == 0x100), ERROR: Pico second stage bootloader must be 256 bytes in size)

.text           0x10000100     0x6abc
                0x10000100                        __logical_binary_start = .
 *(.vectors)
 .vectors       0x10000100       0xd4 CMakeFiles/util_pico_spi_slave.dir/C_/Users/NikolaT/.pico-sdk/sdk/2.1.1/src/rp2_common/pico_crt0/crt0.S.obj
                0x10000100                __VECTOR_TABLE
                0x10000100                __vectors
                0x100001c0                isr_invalid
                0x100001c0                __default_isrs_start
                0x100001c2                isr_nmi
                0x100001c4                isr_hardfault
                0x100001c6                isr_svcall
                0x100001c8                isr_pendsv
                0x100001ca                isr_systick
                0x100001cc                isr_irq23
                0x100001cc                isr_irq18
                0x100001cc                isr_irq11
                0x100001cc                isr_irq28
                0x100001cc                isr_irq19
                0x100001cc                isr_irq0
                0x100001cc                isr_irq6
                0x100001cc                isr_irq5
                0x100001cc                isr_irq12
                0x100001cc                isr_irq22
                0x100001cc                isr_irq31
                0x100001cc                isr_irq17
                0x100001cc                isr_irq27
                0x100001cc                isr_irq30
                0x100001cc                isr_irq2
                0x100001cc                isr_irq10
                0x100001cc                isr_irq8
                0x100001cc                isr_irq24
                0x100001cc                isr_irq1
                0x100001cc                isr_irq7
                0x100001cc                isr_irq21
                0x100001cc                isr_irq20
                0x100001cc                isr_irq15
                0x100001cc                isr_irq25
                0x100001cc                isr_irq13
                0x100001cc                __unhandled_user_irq
                0x100001cc                isr_irq4
                0x100001cc                isr_irq16
                0x100001cc                isr_irq29
                0x100001cc                isr_irq26
                0x100001cc                __default_isrs_end
                0x100001cc                isr_irq3
                0x100001cc                isr_irq14
                0x100001cc                isr_irq9
                0x100001d2                unhandled_user_irq_num_in_r0
 *(.binary_info_header)
 .binary_info_header
                0x100001d4       0x14 CMakeFiles/util_pico_spi_slave.dir/C_/Users/NikolaT/.pico-sdk/sdk/2.1.1/src/rp2_common/pico_crt0/crt0.S.obj
                0x100001e8                        __binary_info_header_end = .
 *(.embedded_block)
                0x100001e8                        __embedded_block_end = .
 *(.reset)
 .reset         0x100001e8       0x9c CMakeFiles/util_pico_spi_slave.dir/C_/Users/NikolaT/.pico-sdk/sdk/2.1.1/src/rp2_common/pico_crt0/crt0.S.obj
                0x100001e8                _entry_point
 *(.init)
 .init          0x10000284        0x4 C:/Users/NikolaT/.pico-sdk/toolchain/14_2_Rel1/bin/../lib/gcc/arm-none-eabi/14.2.1/thumb/v6-m/nofp/crti.o
                0x10000284                _init
 *(EXCLUDE_FILE(*libm.a: *libc.a:*lib_a-mem*.o *libgcc.a:) .text*)
 .text.register_tm_clones
                0x10000288       0x28 C:/Users/NikolaT/.pico-sdk/toolchain/14_2_Rel1/bin/../lib/gcc/arm-none-eabi/14.2.1/thumb/v6-m/nofp/crtbegin.o
 .text.frame_dummy
                0x100002b0       0x24 C:/Users/NikolaT/.pico-sdk/toolchain/14_2_Rel1/bin/../lib/gcc/arm-none-eabi/14.2.1/thumb/v6-m/nofp/crtbegin.o
 .text.startup.main
                0x100002d4       0xe0 CMakeFiles/util_pico_spi_slave.dir/util_pico_spi_slave.c.obj
                0x100002d4                main
 .text.gpio_set_function
                0x100003b4       0x34 CMakeFiles/util_pico_spi_slave.dir/C_/Users/NikolaT/.pico-sdk/sdk/2.1.1/src/rp2_common/hardware_gpio/gpio.c.obj
                0x100003b4                gpio_set_function
 .text.rp2040_chip_version
                0x100003e8        0xc CMakeFiles/util_pico_spi_slave.dir/C_/Users/NikolaT/.pico-sdk/sdk/2.1.1/src/rp2040/pico_platform/platform.c.obj
                0x100003e8                rp2040_chip_version
 .text.panic    0x100003f4       0x30 CMakeFiles/util_pico_spi_slave.dir/C_/Users/NikolaT/.pico-sdk/sdk/2.1.1/src/rp2_common/pico_platform_panic/panic.c.obj
                0x100003f4                panic
 .text.hw_claim_or_assert
                0x10000424       0x44 CMakeFiles/util_pico_spi_slave.dir/C_/Users/NikolaT/.pico-sdk/sdk/2.1.1/src/common/hardware_claim/claim.c.obj
                0x10000424                hw_claim_or_assert
 .text.hw_claim_unused_from_range
                0x10000468       0x88 CMakeFiles/util_pico_spi_slave.dir/C_/Users/NikolaT/.pico-sdk/sdk/2.1.1/src/common/hardware_claim/claim.c.obj
                0x10000468                hw_claim_unused_from_range
 .text.next_striped_spin_lock_num
                0x100004f0       0x18 CMakeFiles/util_pico_spi_slave.dir/C_/Users/NikolaT/.pico-sdk/sdk/2.1.1/src/rp2_common/hardware_sync/sync.c.obj
                0x100004f0                next_striped_spin_lock_num
 .text.spin_lock_claim_unused
                0x10000508       0x24 CMakeFiles/util_pico_spi_slave.dir/C_/Users/NikolaT/.pico-sdk/sdk/2.1.1/src/rp2_common/hardware_sync/sync.c.obj
                0x10000508                spin_lock_claim_unused
 .text.spin_locks_reset
                0x1000052c       0x1c CMakeFiles/util_pico_spi_slave.dir/C_/Users/NikolaT/.pico-sdk/sdk/2.1.1/src/rp2_common/hardware_sync_spin_lock/sync_spin_lock.c.obj
                0x1000052c                spin_locks_reset
 .text.runtime_init_per_core_irq_priorities
                0x10000548       0x24 CMakeFiles/util_pico_spi_slave.dir/C_/Users/NikolaT/.pico-sdk/sdk/2.1.1/src/rp2_common/hardware_irq/irq.c.obj
                0x10000548                runtime_init_per_core_irq_priorities
 .text.irq_set_enabled
                0x1000056c       0x24 CMakeFiles/util_pico_spi_slave.dir/C_/Users/NikolaT/.pico-sdk/sdk/2.1.1/src/rp2_common/hardware_irq/irq.c.obj
                0x1000056c                irq_set_enabled
 .text.irq_is_enabled
                0x10000590       0x18 CMakeFiles/util_pico_spi_slave.dir/C_/Users/NikolaT/.pico-sdk/sdk/2.1.1/src/rp2_common/hardware_irq/irq.c.obj
                0x10000590                irq_is_enabled
 .text.irq_set_pending
                0x100005a8       0x10 CMakeFiles/util_pico_spi_slave.dir/C_/Users/NikolaT/.pico-sdk/sdk/2.1.1/src/rp2_common/hardware_irq/irq.c.obj
                0x100005a8                irq_set_pending
 .text.irq_has_shared_handler
                0x100005b8       0x24 CMakeFiles/util_pico_spi_slave.dir/C_/Users/NikolaT/.pico-sdk/sdk/2.1.1/src/rp2_common/hardware_irq/irq.c.obj
                0x100005b8                irq_has_shared_handler
 .text.irq_set_exclusive_handler
                0x100005dc       0x54 CMakeFiles/util_pico_spi_slave.dir/C_/Users/NikolaT/.pico-sdk/sdk/2.1.1/src/rp2_common/hardware_irq/irq.c.obj
                0x100005dc                irq_set_exclusive_handler
 .text.irq_add_shared_handler
                0x10000630      0x1f4 CMakeFiles/util_pico_spi_slave.dir/C_/Users/NikolaT/.pico-sdk/sdk/2.1.1/src/rp2_common/hardware_irq/irq.c.obj
                0x10000630                irq_add_shared_handler
 .text.irq_add_tail_to_free_list
                0x10000824       0xb4 CMakeFiles/util_pico_spi_slave.dir/C_/Users/NikolaT/.pico-sdk/sdk/2.1.1/src/rp2_common/hardware_irq/irq.c.obj
                0x10000824                irq_add_tail_to_free_list
 .text.user_irq_claim_unused
                0x100008d8       0x2c CMakeFiles/util_pico_spi_slave.dir/C_/Users/NikolaT/.pico-sdk/sdk/2.1.1/src/rp2_common/hardware_irq/irq.c.obj
                0x100008d8                user_irq_claim_unused
 .text.lock_init
                0x10000904       0x10 CMakeFiles/util_pico_spi_slave.dir/C_/Users/NikolaT/.pico-sdk/sdk/2.1.1/src/common/pico_sync/lock_core.c.obj
                0x10000904                lock_init
 .text.runtime_init_mutex
                0x10000914       0x50 CMakeFiles/util_pico_spi_slave.dir/C_/Users/NikolaT/.pico-sdk/sdk/2.1.1/src/common/pico_sync/mutex.c.obj
                0x10000914                runtime_init_mutex
 .text.mutex_init
                0x10000964       0x1c CMakeFiles/util_pico_spi_slave.dir/C_/Users/NikolaT/.pico-sdk/sdk/2.1.1/src/common/pico_sync/mutex.c.obj
                0x10000964                mutex_init
 .text.critical_section_init
                0x10000980       0x1c CMakeFiles/util_pico_spi_slave.dir/C_/Users/NikolaT/.pico-sdk/sdk/2.1.1/src/common/pico_sync/critical_section.c.obj
                0x10000980                critical_section_init
 .text.critical_section_init_with_lock_num
                0x1000099c       0x14 CMakeFiles/util_pico_spi_slave.dir/C_/Users/NikolaT/.pico-sdk/sdk/2.1.1/src/common/pico_sync/critical_section.c.obj
                0x1000099c                critical_section_init_with_lock_num
 .text.sleep_until_callback
                0x100009b0       0x30 CMakeFiles/util_pico_spi_slave.dir/C_/Users/NikolaT/.pico-sdk/sdk/2.1.1/src/common/pico_time/time.c.obj
 .text.alarm_pool_irq_handler
                0x100009e0      0x300 CMakeFiles/util_pico_spi_slave.dir/C_/Users/NikolaT/.pico-sdk/sdk/2.1.1/src/common/pico_time/time.c.obj
 .text.runtime_init_default_alarm_pool
                0x10000ce0       0xdc CMakeFiles/util_pico_spi_slave.dir/C_/Users/NikolaT/.pico-sdk/sdk/2.1.1/src/common/pico_time/time.c.obj
                0x10000ce0                runtime_init_default_alarm_pool
 .text.alarm_pool_get_default
                0x10000dbc        0x8 CMakeFiles/util_pico_spi_slave.dir/C_/Users/NikolaT/.pico-sdk/sdk/2.1.1/src/common/pico_time/time.c.obj
                0x10000dbc                alarm_pool_get_default
 .text.alarm_pool_add_alarm_at
                0x10000dc4       0xd0 CMakeFiles/util_pico_spi_slave.dir/C_/Users/NikolaT/.pico-sdk/sdk/2.1.1/src/common/pico_time/time.c.obj
                0x10000dc4                alarm_pool_add_alarm_at
 .text.alarm_pool_add_alarm_at_force_in_context
                0x10000e94       0xb0 CMakeFiles/util_pico_spi_slave.dir/C_/Users/NikolaT/.pico-sdk/sdk/2.1.1/src/common/pico_time/time.c.obj
                0x10000e94                alarm_pool_add_alarm_at_force_in_context
 .text.alarm_pool_cancel_alarm
                0x10000f44       0x74 CMakeFiles/util_pico_spi_slave.dir/C_/Users/NikolaT/.pico-sdk/sdk/2.1.1/src/common/pico_time/time.c.obj
                0x10000f44                alarm_pool_cancel_alarm
 .text.alarm_pool_core_num
                0x10000fb8        0x4 CMakeFiles/util_pico_spi_slave.dir/C_/Users/NikolaT/.pico-sdk/sdk/2.1.1/src/common/pico_time/time.c.obj
                0x10000fb8                alarm_pool_core_num
 .text.best_effort_wfe_or_timeout
                0x10000fbc      0x10c CMakeFiles/util_pico_spi_slave.dir/C_/Users/NikolaT/.pico-sdk/sdk/2.1.1/src/common/pico_time/time.c.obj
                0x10000fbc                best_effort_wfe_or_timeout
 .text.timer_hardware_alarm_claim
                0x100010c8       0x14 CMakeFiles/util_pico_spi_slave.dir/C_/Users/NikolaT/.pico-sdk/sdk/2.1.1/src/rp2_common/hardware_timer/timer.c.obj
                0x100010c8                timer_hardware_alarm_claim
 .text.timer_time_us_64
                0x100010dc       0x10 CMakeFiles/util_pico_spi_slave.dir/C_/Users/NikolaT/.pico-sdk/sdk/2.1.1/src/rp2_common/hardware_timer/timer.c.obj
                0x100010dc                timer_time_us_64
 .text.time_us_64
                0x100010ec       0x14 CMakeFiles/util_pico_spi_slave.dir/C_/Users/NikolaT/.pico-sdk/sdk/2.1.1/src/rp2_common/hardware_timer/timer.c.obj
                0x100010ec                time_us_64
 .text.spi_init
                0x10001100      0x13c CMakeFiles/util_pico_spi_slave.dir/C_/Users/NikolaT/.pico-sdk/sdk/2.1.1/src/rp2_common/hardware_spi/spi.c.obj
                0x10001100                spi_init
 .text.clock_configure_int_divider
                0x1000123c       0xf4 CMakeFiles/util_pico_spi_slave.dir/C_/Users/NikolaT/.pico-sdk/sdk/2.1.1/src/rp2_common/hardware_clocks/clocks.c.obj
                0x1000123c                clock_configure_int_divider
 .text.clock_configure_undivided
                0x10001330       0xe8 CMakeFiles/util_pico_spi_slave.dir/C_/Users/NikolaT/.pico-sdk/sdk/2.1.1/src/rp2_common/hardware_clocks/clocks.c.obj
                0x10001330                clock_configure_undivided
 .text.clock_get_hz
                0x10001418        0xc CMakeFiles/util_pico_spi_slave.dir/C_/Users/NikolaT/.pico-sdk/sdk/2.1.1/src/rp2_common/hardware_clocks/clocks.c.obj
                0x10001418                clock_get_hz
 .text.pll_init
                0x10001424       0xa4 CMakeFiles/util_pico_spi_slave.dir/C_/Users/NikolaT/.pico-sdk/sdk/2.1.1/src/rp2_common/hardware_pll/pll.c.obj
                0x10001424                pll_init
 .text.watchdog_reboot
                0x100014c8       0x9c CMakeFiles/util_pico_spi_slave.dir/C_/Users/NikolaT/.pico-sdk/sdk/2.1.1/src/rp2_common/hardware_watchdog/watchdog.c.obj
                0x100014c8                watchdog_reboot
 .text.tick_start
                0x10001564       0x10 CMakeFiles/util_pico_spi_slave.dir/C_/Users/NikolaT/.pico-sdk/sdk/2.1.1/src/rp2_common/hardware_ticks/ticks.c.obj
                0x10001564                tick_start
 .text.rom_func_lookup
                0x10001574       0x10 CMakeFiles/util_pico_spi_slave.dir/C_/Users/NikolaT/.pico-sdk/sdk/2.1.1/src/rp2_common/pico_bootrom/bootrom.c.obj
                0x10001574                rom_func_lookup
 .text.rom_data_lookup
                0x10001584       0x10 CMakeFiles/util_pico_spi_slave.dir/C_/Users/NikolaT/.pico-sdk/sdk/2.1.1/src/rp2_common/pico_bootrom/bootrom.c.obj
                0x10001584                rom_data_lookup
 .text.rom_funcs_lookup
                0x10001594       0x44 CMakeFiles/util_pico_spi_slave.dir/C_/Users/NikolaT/.pico-sdk/sdk/2.1.1/src/rp2_common/pico_bootrom/bootrom.c.obj
                0x10001594                rom_funcs_lookup
 .text.rom_reset_usb_boot_extra
                0x100015d8       0x24 CMakeFiles/util_pico_spi_slave.dir/C_/Users/NikolaT/.pico-sdk/sdk/2.1.1/src/rp2_common/pico_bootrom/bootrom.c.obj
                0x100015d8                rom_reset_usb_boot_extra
 .text.xosc_init
                0x100015fc       0x28 CMakeFiles/util_pico_spi_slave.dir/C_/Users/NikolaT/.pico-sdk/sdk/2.1.1/src/rp2_common/hardware_xosc/xosc.c.obj
                0x100015fc                xosc_init
 .text.first_per_core_initializer
                0x10001624        0x4 CMakeFiles/util_pico_spi_slave.dir/C_/Users/NikolaT/.pico-sdk/sdk/2.1.1/src/rp2_common/pico_runtime/runtime.c.obj
 .text.hard_assertion_failure
                0x10001628        0xc CMakeFiles/util_pico_spi_slave.dir/C_/Users/NikolaT/.pico-sdk/sdk/2.1.1/src/rp2_common/pico_runtime/runtime.c.obj
                0x10001628                hard_assertion_failure
 .text.runtime_run_initializers
                0x10001634       0x28 CMakeFiles/util_pico_spi_slave.dir/C_/Users/NikolaT/.pico-sdk/sdk/2.1.1/src/rp2_common/pico_runtime/runtime.c.obj
                0x10001634                runtime_run_initializers
 .text.runtime_init_early_resets
                0x1000165c       0x2c CMakeFiles/util_pico_spi_slave.dir/C_/Users/NikolaT/.pico-sdk/sdk/2.1.1/src/rp2_common/pico_runtime_init/runtime_init.c.obj
                0x1000165c                runtime_init_early_resets
 .text.runtime_init_usb_power_down
                0x10001688       0x1c CMakeFiles/util_pico_spi_slave.dir/C_/Users/NikolaT/.pico-sdk/sdk/2.1.1/src/rp2_common/pico_runtime_init/runtime_init.c.obj
                0x10001688                runtime_init_usb_power_down
 .text.runtime_init_post_clock_resets
                0x100016a4       0x20 CMakeFiles/util_pico_spi_slave.dir/C_/Users/NikolaT/.pico-sdk/sdk/2.1.1/src/rp2_common/pico_runtime_init/runtime_init.c.obj
                0x100016a4                runtime_init_post_clock_resets
 .text.runtime_init_rp2040_gpio_ie_disable
                0x100016c4       0x14 CMakeFiles/util_pico_spi_slave.dir/C_/Users/NikolaT/.pico-sdk/sdk/2.1.1/src/rp2_common/pico_runtime_init/runtime_init.c.obj
                0x100016c4                runtime_init_rp2040_gpio_ie_disable
 .text.runtime_init_spin_locks_reset
                0x100016d8        0x8 CMakeFiles/util_pico_spi_slave.dir/C_/Users/NikolaT/.pico-sdk/sdk/2.1.1/src/rp2_common/pico_runtime_init/runtime_init.c.obj
                0x100016d8                runtime_init_spin_locks_reset
 .text.runtime_init_install_ram_vector_table
                0x100016e0       0x1c CMakeFiles/util_pico_spi_slave.dir/C_/Users/NikolaT/.pico-sdk/sdk/2.1.1/src/rp2_common/pico_runtime_init/runtime_init.c.obj
                0x100016e0                runtime_init_install_ram_vector_table
 .text.runtime_init_clocks
                0x100016fc       0xd8 CMakeFiles/util_pico_spi_slave.dir/C_/Users/NikolaT/.pico-sdk/sdk/2.1.1/src/rp2_common/pico_runtime_init/runtime_init_clocks.c.obj
                0x100016fc                runtime_init_clocks
 .text          0x100017d4       0x10 CMakeFiles/util_pico_spi_slave.dir/C_/Users/NikolaT/.pico-sdk/sdk/2.1.1/src/rp2_common/pico_bit_ops/bit_ops_aeabi.S.obj
 .text.__wrap___aeabi_idiv
                0x100017e4       0x50 CMakeFiles/util_pico_spi_slave.dir/C_/Users/NikolaT/.pico-sdk/sdk/2.1.1/src/rp2_common/pico_divider/divider_hardware.S.obj
                0x100017e4                __wrap___aeabi_idivmod
                0x100017e4                divmod_s32s32
                0x100017e4                div_s32s32
                0x100017e4                __wrap___aeabi_idiv
                0x100017ec                divmod_s32s32_unsafe
                0x10001818                divmod_s32s32_savestate
 .text.__wrap___aeabi_uidiv
                0x10001834       0x4c CMakeFiles/util_pico_spi_slave.dir/C_/Users/NikolaT/.pico-sdk/sdk/2.1.1/src/rp2_common/pico_divider/divider_hardware.S.obj
                0x10001834                __wrap___aeabi_uidiv
                0x10001834                __wrap___aeabi_uidivmod
                0x10001834                div_u32u32
                0x10001834                divmod_u32u32
                0x1000183c                divmod_u32u32_unsafe
                0x10001864                divmod_u32u32_savestate
 .text.__wrap___aeabi_ldiv
                0x10001880      0x424 CMakeFiles/util_pico_spi_slave.dir/C_/Users/NikolaT/.pico-sdk/sdk/2.1.1/src/rp2_common/pico_divider/divider_hardware.S.obj
                0x10001880                div_s64s64
                0x10001880                divmod_s64s64
                0x10001880                __wrap___aeabi_ldivmod
                0x100018b0                divmod_u64u64
                0x100018b0                div_u64u64
                0x100018b0                __wrap___aeabi_uldivmod
                0x100018c0                divmod_u64u64_savestate
                0x100018e0                divmod_s64s64_unsafe
                0x10001968                divmod_u64u64_unsafe
 .text.__wrap___aeabi_darithmetic
                0x10001ca4       0x80 CMakeFiles/util_pico_spi_slave.dir/C_/Users/NikolaT/.pico-sdk/sdk/2.1.1/src/rp2_common/pico_double/double_aeabi_rp2040.S.obj
                0x10001ca4                __wrap___aeabi_drsub
                0x10001caa                __wrap___aeabi_dsub
                0x10001cbc                __wrap___aeabi_dadd
                0x10001cce                __wrap___aeabi_ddiv
                0x10001d0a                __wrap___aeabi_dmul
 .text.__wrap___aeabi_cdcmple
                0x10001d24       0x6c CMakeFiles/util_pico_spi_slave.dir/C_/Users/NikolaT/.pico-sdk/sdk/2.1.1/src/rp2_common/pico_double/double_aeabi_rp2040.S.obj
                0x10001d24                __wrap___aeabi_cdrcmple
                0x10001d34                __wrap___aeabi_cdcmpeq
                0x10001d34                __wrap___aeabi_cdcmple
 .text.__wrap___aeabi_dcmplt
                0x10001d90        0xc CMakeFiles/util_pico_spi_slave.dir/C_/Users/NikolaT/.pico-sdk/sdk/2.1.1/src/rp2_common/pico_double/double_aeabi_rp2040.S.obj
                0x10001d90                __wrap___aeabi_dcmplt
 .text.__wrap___aeabi_dcmple
                0x10001d9c       0x10 CMakeFiles/util_pico_spi_slave.dir/C_/Users/NikolaT/.pico-sdk/sdk/2.1.1/src/rp2_common/pico_double/double_aeabi_rp2040.S.obj
                0x10001d9c                __wrap___aeabi_dcmple
 .text.__wrap___aeabi_dcmpge
                0x10001dac       0x10 CMakeFiles/util_pico_spi_slave.dir/C_/Users/NikolaT/.pico-sdk/sdk/2.1.1/src/rp2_common/pico_double/double_aeabi_rp2040.S.obj
                0x10001dac                __wrap___aeabi_dcmpge
 .text.__wrap___aeabi_dcmpgt
                0x10001dbc        0xa CMakeFiles/util_pico_spi_slave.dir/C_/Users/NikolaT/.pico-sdk/sdk/2.1.1/src/rp2_common/pico_double/double_aeabi_rp2040.S.obj
                0x10001dbc                __wrap___aeabi_dcmpgt
 .text.__wrap___aeabi_dcmpun
                0x10001dc6       0x18 CMakeFiles/util_pico_spi_slave.dir/C_/Users/NikolaT/.pico-sdk/sdk/2.1.1/src/rp2_common/pico_double/double_aeabi_rp2040.S.obj
                0x10001dc6                __wrap___aeabi_dcmpun
 *fill*         0x10001dde        0x2 
 .text.__wrap___aeabi_i2d
                0x10001de0       0x38 CMakeFiles/util_pico_spi_slave.dir/C_/Users/NikolaT/.pico-sdk/sdk/2.1.1/src/rp2_common/pico_double/double_aeabi_rp2040.S.obj
                0x10001de0                uint2double
                0x10001de0                __wrap___aeabi_ui2d
                0x10001de8                int2double
                0x10001de8                __wrap___aeabi_i2d
 .text.__wrap___aeabi_d2iz
                0x10001e18       0x48 CMakeFiles/util_pico_spi_slave.dir/C_/Users/NikolaT/.pico-sdk/sdk/2.1.1/src/rp2_common/pico_double/double_aeabi_rp2040.S.obj
                0x10001e18                double2int_z
                0x10001e18                __wrap___aeabi_d2iz
 .text.__wrap___aeabi_d2uiz
                0x10001e60       0x18 CMakeFiles/util_pico_spi_slave.dir/C_/Users/NikolaT/.pico-sdk/sdk/2.1.1/src/rp2_common/pico_double/double_aeabi_rp2040.S.obj
                0x10001e60                double2uint
                0x10001e60                __wrap___aeabi_d2uiz
                0x10001e60                double2uint_z
 .text.__aeabi_double_init
                0x10001e78       0xa4 CMakeFiles/util_pico_spi_slave.dir/C_/Users/NikolaT/.pico-sdk/sdk/2.1.1/src/rp2_common/pico_double/double_init_rom_rp2040.c.obj
                0x10001e78                __aeabi_double_init
 .text.double_table_shim_on_use_helper
                0x10001f1c       0x2c CMakeFiles/util_pico_spi_slave.dir/C_/Users/NikolaT/.pico-sdk/sdk/2.1.1/src/rp2_common/pico_double/double_v1_rom_shim_rp2040.S.obj
                0x10001f1c                double_table_shim_on_use_helper
 .text.__wrap___aeabi_dsub
                0x10001f48       0x10 CMakeFiles/util_pico_spi_slave.dir/C_/Users/NikolaT/.pico-sdk/sdk/2.1.1/src/rp2_common/pico_double/double_v1_rom_shim_rp2040.S.obj
                0x10001f48                drsub_shim
                0x10001f4e                dsub_shim
 .text.dadd_shim
                0x10001f58      0x15c CMakeFiles/util_pico_spi_slave.dir/C_/Users/NikolaT/.pico-sdk/sdk/2.1.1/src/rp2_common/pico_double/double_v1_rom_shim_rp2040.S.obj
                0x10001f58                dadd_shim
 .text.dmul_shim
                0x100020b4      0x15c CMakeFiles/util_pico_spi_slave.dir/C_/Users/NikolaT/.pico-sdk/sdk/2.1.1/src/rp2_common/pico_double/double_v1_rom_shim_rp2040.S.obj
                0x100020b4                dmul_shim
 .text.ddiv_shim
                0x10002210      0x1b0 CMakeFiles/util_pico_spi_slave.dir/C_/Users/NikolaT/.pico-sdk/sdk/2.1.1/src/rp2_common/pico_double/double_v1_rom_shim_rp2040.S.obj
                0x10002210                ddiv_shim
 .text.double2uint_shim
                0x100023c0        0xe CMakeFiles/util_pico_spi_slave.dir/C_/Users/NikolaT/.pico-sdk/sdk/2.1.1/src/rp2_common/pico_double/double_v1_rom_shim_rp2040.S.obj
                0x100023c0                double2uint_shim
                0x100023c2                double2ufix_shim
 *fill*         0x100023ce        0x2 
 .text.double2uint64_shim
                0x100023d0       0x70 CMakeFiles/util_pico_spi_slave.dir/C_/Users/NikolaT/.pico-sdk/sdk/2.1.1/src/rp2_common/pico_double/double_v1_rom_shim_rp2040.S.obj
                0x100023d0                double2uint64_shim
                0x100023d2                double2ufix64_shim
                0x100023f2                d2fix_a
 .text.dunpacks
                0x10002440       0x3c CMakeFiles/util_pico_spi_slave.dir/C_/Users/NikolaT/.pico-sdk/sdk/2.1.1/src/rp2_common/pico_double/double_v1_rom_shim_rp2040.S.obj
                0x10002440                dunpacks
 .text.__aeabi_lmul
                0x1000247c       0x32 CMakeFiles/util_pico_spi_slave.dir/C_/Users/NikolaT/.pico-sdk/sdk/2.1.1/src/rp2_common/pico_int64_ops/pico_int64_ops_aeabi.S.obj
                0x1000247c                __wrap___aeabi_lmul
 *fill*         0x100024ae        0x2 
 .text.__aeabi_float_init
                0x100024b0       0x64 CMakeFiles/util_pico_spi_slave.dir/C_/Users/NikolaT/.pico-sdk/sdk/2.1.1/src/rp2_common/pico_float/float_init_rom_rp2040.c.obj
                0x100024b0                __aeabi_float_init
 .text.float_table_shim_on_use_helper
                0x10002514       0x2c CMakeFiles/util_pico_spi_slave.dir/C_/Users/NikolaT/.pico-sdk/sdk/2.1.1/src/rp2_common/pico_float/float_v1_rom_shim_rp2040.S.obj
                0x10002514                float_table_shim_on_use_helper
 .text          0x10002540       0x10 CMakeFiles/util_pico_spi_slave.dir/C_/Users/NikolaT/.pico-sdk/sdk/2.1.1/src/rp2_common/pico_mem_ops/mem_ops_aeabi.S.obj
                0x10002540                __aeabi_mem_init
 .text.memset   0x10002550        0xc CMakeFiles/util_pico_spi_slave.dir/C_/Users/NikolaT/.pico-sdk/sdk/2.1.1/src/rp2_common/pico_mem_ops/mem_ops_aeabi.S.obj
                0x10002550                __wrap_memset
 .text.memcpy   0x1000255c        0xc CMakeFiles/util_pico_spi_slave.dir/C_/Users/NikolaT/.pico-sdk/sdk/2.1.1/src/rp2_common/pico_mem_ops/mem_ops_aeabi.S.obj
                0x1000255c                __wrap_memcpy
                0x1000255c                __wrap___aeabi_memcpy
 .text._out_null
                0x10002568        0x4 CMakeFiles/util_pico_spi_slave.dir/C_/Users/NikolaT/.pico-sdk/sdk/2.1.1/src/rp2_common/pico_printf/printf.c.obj
 .text._out_rev
                0x1000256c       0xac CMakeFiles/util_pico_spi_slave.dir/C_/Users/NikolaT/.pico-sdk/sdk/2.1.1/src/rp2_common/pico_printf/printf.c.obj
 .text._ntoa_format
                0x10002618      0x1cc CMakeFiles/util_pico_spi_slave.dir/C_/Users/NikolaT/.pico-sdk/sdk/2.1.1/src/rp2_common/pico_printf/printf.c.obj
 .text._out_char
                0x100027e4       0x10 CMakeFiles/util_pico_spi_slave.dir/C_/Users/NikolaT/.pico-sdk/sdk/2.1.1/src/rp2_common/pico_printf/printf.c.obj
 .text._out_fct
                0x100027f4       0x10 CMakeFiles/util_pico_spi_slave.dir/C_/Users/NikolaT/.pico-sdk/sdk/2.1.1/src/rp2_common/pico_printf/printf.c.obj
 .text._ftoa    0x10002804      0x4a8 CMakeFiles/util_pico_spi_slave.dir/C_/Users/NikolaT/.pico-sdk/sdk/2.1.1/src/rp2_common/pico_printf/printf.c.obj
 .text._etoa    0x10002cac      0x57c CMakeFiles/util_pico_spi_slave.dir/C_/Users/NikolaT/.pico-sdk/sdk/2.1.1/src/rp2_common/pico_printf/printf.c.obj
 .text._vsnprintf
                0x10003228      0xbe0 CMakeFiles/util_pico_spi_slave.dir/C_/Users/NikolaT/.pico-sdk/sdk/2.1.1/src/rp2_common/pico_printf/printf.c.obj
 .text.vfctprintf
                0x10003e08       0x24 CMakeFiles/util_pico_spi_slave.dir/C_/Users/NikolaT/.pico-sdk/sdk/2.1.1/src/rp2_common/pico_printf/printf.c.obj
                0x10003e08                vfctprintf
 .text.weak_raw_vprintf
                0x10003e2c       0x30 CMakeFiles/util_pico_spi_slave.dir/C_/Users/NikolaT/.pico-sdk/sdk/2.1.1/src/rp2_common/pico_printf/printf.c.obj
                0x10003e2c                weak_raw_vprintf
 .text._exit    0x10003e5c        0x4 CMakeFiles/util_pico_spi_slave.dir/C_/Users/NikolaT/.pico-sdk/sdk/2.1.1/src/rp2_common/pico_clib_interface/newlib_interface.c.obj
                0x10003e5c                _exit
 .text.exit     0x10003e60        0x8 CMakeFiles/util_pico_spi_slave.dir/C_/Users/NikolaT/.pico-sdk/sdk/2.1.1/src/rp2_common/pico_clib_interface/newlib_interface.c.obj
                0x10003e60                exit
 .text.runtime_init
                0x10003e68       0x2c CMakeFiles/util_pico_spi_slave.dir/C_/Users/NikolaT/.pico-sdk/sdk/2.1.1/src/rp2_common/pico_clib_interface/newlib_interface.c.obj
                0x10003e68                runtime_init
 .text.stdio_out_chars_no_crlf
                0x10003e94       0x10 CMakeFiles/util_pico_spi_slave.dir/C_/Users/NikolaT/.pico-sdk/sdk/2.1.1/src/rp2_common/pico_stdio/stdio.c.obj
 .text.stdio_out_chars_crlf
                0x10003ea4       0xb0 CMakeFiles/util_pico_spi_slave.dir/C_/Users/NikolaT/.pico-sdk/sdk/2.1.1/src/rp2_common/pico_stdio/stdio.c.obj
 .text.stdio_buffered_printer
                0x10003f54       0x64 CMakeFiles/util_pico_spi_slave.dir/C_/Users/NikolaT/.pico-sdk/sdk/2.1.1/src/rp2_common/pico_stdio/stdio.c.obj
 .text.stdio_put_string
                0x10003fb8       0xfc CMakeFiles/util_pico_spi_slave.dir/C_/Users/NikolaT/.pico-sdk/sdk/2.1.1/src/rp2_common/pico_stdio/stdio.c.obj
                0x10003fb8                stdio_put_string
 .text.stdio_set_driver_enabled
                0x100040b4       0x30 CMakeFiles/util_pico_spi_slave.dir/C_/Users/NikolaT/.pico-sdk/sdk/2.1.1/src/rp2_common/pico_stdio/stdio.c.obj
                0x100040b4                stdio_set_driver_enabled
 .text.stdio_init_all
                0x100040e4        0x8 CMakeFiles/util_pico_spi_slave.dir/C_/Users/NikolaT/.pico-sdk/sdk/2.1.1/src/rp2_common/pico_stdio/stdio.c.obj
                0x100040e4                stdio_init_all
 .text.__wrap_putchar
                0x100040ec       0x94 CMakeFiles/util_pico_spi_slave.dir/C_/Users/NikolaT/.pico-sdk/sdk/2.1.1/src/rp2_common/pico_stdio/stdio.c.obj
                0x100040ec                __wrap_putchar
                0x100040ec                stdio_putchar
 .text.__wrap_puts
                0x10004180       0x3c CMakeFiles/util_pico_spi_slave.dir/C_/Users/NikolaT/.pico-sdk/sdk/2.1.1/src/rp2_common/pico_stdio/stdio.c.obj
                0x10004180                stdio_puts
                0x10004180                __wrap_puts
 .text.__wrap_vprintf
                0x100041bc       0xcc CMakeFiles/util_pico_spi_slave.dir/C_/Users/NikolaT/.pico-sdk/sdk/2.1.1/src/rp2_common/pico_stdio/stdio.c.obj
                0x100041bc                stdio_vprintf
                0x100041bc                __wrap_vprintf
 .text.__wrap_printf
                0x10004288       0x18 CMakeFiles/util_pico_spi_slave.dir/C_/Users/NikolaT/.pico-sdk/sdk/2.1.1/src/rp2_common/pico_stdio/stdio.c.obj
                0x10004288                __wrap_printf
                0x10004288                stdio_printf
 .text.resetd_init
                0x100042a0        0x4 CMakeFiles/util_pico_spi_slave.dir/C_/Users/NikolaT/.pico-sdk/sdk/2.1.1/src/rp2_common/pico_stdio_usb/reset_interface.c.obj
 .text.resetd_reset
                0x100042a4        0xc CMakeFiles/util_pico_spi_slave.dir/C_/Users/NikolaT/.pico-sdk/sdk/2.1.1/src/rp2_common/pico_stdio_usb/reset_interface.c.obj
 .text.resetd_open
                0x100042b0       0x28 CMakeFiles/util_pico_spi_slave.dir/C_/Users/NikolaT/.pico-sdk/sdk/2.1.1/src/rp2_common/pico_stdio_usb/reset_interface.c.obj
 .text.resetd_xfer_cb
                0x100042d8        0x4 CMakeFiles/util_pico_spi_slave.dir/C_/Users/NikolaT/.pico-sdk/sdk/2.1.1/src/rp2_common/pico_stdio_usb/reset_interface.c.obj
 .text.resetd_control_xfer_cb
                0x100042dc       0x54 CMakeFiles/util_pico_spi_slave.dir/C_/Users/NikolaT/.pico-sdk/sdk/2.1.1/src/rp2_common/pico_stdio_usb/reset_interface.c.obj
 .text.tud_descriptor_bos_cb
                0x10004330        0x8 CMakeFiles/util_pico_spi_slave.dir/C_/Users/NikolaT/.pico-sdk/sdk/2.1.1/src/rp2_common/pico_stdio_usb/reset_interface.c.obj
                0x10004330                tud_descriptor_bos_cb
 .text.tud_vendor_control_xfer_cb
                0x10004338       0x34 CMakeFiles/util_pico_spi_slave.dir/C_/Users/NikolaT/.pico-sdk/sdk/2.1.1/src/rp2_common/pico_stdio_usb/reset_interface.c.obj
                0x10004338                tud_vendor_control_xfer_cb
 .text.usbd_app_driver_get_cb
                0x1000436c        0xc CMakeFiles/util_pico_spi_slave.dir/C_/Users/NikolaT/.pico-sdk/sdk/2.1.1/src/rp2_common/pico_stdio_usb/reset_interface.c.obj
                0x1000436c                usbd_app_driver_get_cb
 .text.tud_cdc_line_coding_cb
                0x10004378       0x2c CMakeFiles/util_pico_spi_slave.dir/C_/Users/NikolaT/.pico-sdk/sdk/2.1.1/src/rp2_common/pico_stdio_usb/reset_interface.c.obj
                0x10004378                tud_cdc_line_coding_cb
 .text.stdio_usb_set_chars_available_callback
                0x100043a4       0x14 CMakeFiles/util_pico_spi_slave.dir/C_/Users/NikolaT/.pico-sdk/sdk/2.1.1/src/rp2_common/pico_stdio_usb/stdio_usb.c.obj
                0x100043a4                stdio_usb_set_chars_available_callback
 .text.usb_irq  0x100043b8       0x10 CMakeFiles/util_pico_spi_slave.dir/C_/Users/NikolaT/.pico-sdk/sdk/2.1.1/src/rp2_common/pico_stdio_usb/stdio_usb.c.obj
 .text.timer_task
                0x100043c8       0x64 CMakeFiles/util_pico_spi_slave.dir/C_/Users/NikolaT/.pico-sdk/sdk/2.1.1/src/rp2_common/pico_stdio_usb/stdio_usb.c.obj
 .text.stdio_usb_in_chars
                0x1000442c       0x8c CMakeFiles/util_pico_spi_slave.dir/C_/Users/NikolaT/.pico-sdk/sdk/2.1.1/src/rp2_common/pico_stdio_usb/stdio_usb.c.obj
                0x1000442c                stdio_usb_in_chars
 .text.stdio_usb_out_flush
                0x100044b8       0x4c CMakeFiles/util_pico_spi_slave.dir/C_/Users/NikolaT/.pico-sdk/sdk/2.1.1/src/rp2_common/pico_stdio_usb/stdio_usb.c.obj
 .text.stdio_usb_out_chars
                0x10004504      0x100 CMakeFiles/util_pico_spi_slave.dir/C_/Users/NikolaT/.pico-sdk/sdk/2.1.1/src/rp2_common/pico_stdio_usb/stdio_usb.c.obj
 .text.low_priority_worker_irq
                0x10004604       0xc8 CMakeFiles/util_pico_spi_slave.dir/C_/Users/NikolaT/.pico-sdk/sdk/2.1.1/src/rp2_common/pico_stdio_usb/stdio_usb.c.obj
 .text.stdio_usb_init
                0x100046cc       0xe8 CMakeFiles/util_pico_spi_slave.dir/C_/Users/NikolaT/.pico-sdk/sdk/2.1.1/src/rp2_common/pico_stdio_usb/stdio_usb.c.obj
                0x100046cc                stdio_usb_init
 .text.tud_descriptor_device_cb
                0x100047b4        0x8 CMakeFiles/util_pico_spi_slave.dir/C_/Users/NikolaT/.pico-sdk/sdk/2.1.1/src/rp2_common/pico_stdio_usb/stdio_usb_descriptors.c.obj
                0x100047b4                tud_descriptor_device_cb
 .text.tud_descriptor_configuration_cb
                0x100047bc        0x8 CMakeFiles/util_pico_spi_slave.dir/C_/Users/NikolaT/.pico-sdk/sdk/2.1.1/src/rp2_common/pico_stdio_usb/stdio_usb_descriptors.c.obj
                0x100047bc                tud_descriptor_configuration_cb
 .text.tud_descriptor_string_cb
                0x100047c4       0x78 CMakeFiles/util_pico_spi_slave.dir/C_/Users/NikolaT/.pico-sdk/sdk/2.1.1/src/rp2_common/pico_stdio_usb/stdio_usb_descriptors.c.obj
                0x100047c4                tud_descriptor_string_cb
 .text.startup._retrieve_unique_id_on_boot
                0x1000483c       0x10 CMakeFiles/util_pico_spi_slave.dir/C_/Users/NikolaT/.pico-sdk/sdk/2.1.1/src/rp2_common/pico_unique_id/unique_id.c.obj
 .text.pico_get_unique_board_id_string
                0x1000484c      0x1a8 CMakeFiles/util_pico_spi_slave.dir/C_/Users/NikolaT/.pico-sdk/sdk/2.1.1/src/rp2_common/pico_unique_id/unique_id.c.obj
                0x1000484c                pico_get_unique_board_id_string
 .text.flash_get_unique_id
                0x100049f4       0x3c CMakeFiles/util_pico_spi_slave.dir/C_/Users/NikolaT/.pico-sdk/sdk/2.1.1/src/rp2_common/hardware_flash/flash.c.obj
                0x100049f4                flash_get_unique_id
 .text.dcd_init
                0x10004a30       0x90 CMakeFiles/util_pico_spi_slave.dir/C_/Users/NikolaT/.pico-sdk/sdk/2.1.1/lib/tinyusb/src/portable/raspberrypi/rp2040/dcd_rp2040.c.obj
                0x10004a30                dcd_init
 .text.dcd_int_enable
                0x10004ac0        0xc CMakeFiles/util_pico_spi_slave.dir/C_/Users/NikolaT/.pico-sdk/sdk/2.1.1/lib/tinyusb/src/portable/raspberrypi/rp2040/dcd_rp2040.c.obj
                0x10004ac0                dcd_int_enable
 .text.dcd_set_address
                0x10004acc       0x14 CMakeFiles/util_pico_spi_slave.dir/C_/Users/NikolaT/.pico-sdk/sdk/2.1.1/lib/tinyusb/src/portable/raspberrypi/rp2040/dcd_rp2040.c.obj
                0x10004acc                dcd_set_address
 .text.dcd_sof_enable
                0x10004ae0       0x1c CMakeFiles/util_pico_spi_slave.dir/C_/Users/NikolaT/.pico-sdk/sdk/2.1.1/lib/tinyusb/src/portable/raspberrypi/rp2040/dcd_rp2040.c.obj
                0x10004ae0                dcd_sof_enable
 .text.dcd_edpt0_status_complete
                0x10004afc       0x1c CMakeFiles/util_pico_spi_slave.dir/C_/Users/NikolaT/.pico-sdk/sdk/2.1.1/lib/tinyusb/src/portable/raspberrypi/rp2040/dcd_rp2040.c.obj
                0x10004afc                dcd_edpt0_status_complete
 .text.dcd_edpt_open
                0x10004b18      0x114 CMakeFiles/util_pico_spi_slave.dir/C_/Users/NikolaT/.pico-sdk/sdk/2.1.1/lib/tinyusb/src/portable/raspberrypi/rp2040/dcd_rp2040.c.obj
                0x10004b18                dcd_edpt_open
 .text.dcd_edpt_close_all
                0x10004c2c        0x8 CMakeFiles/util_pico_spi_slave.dir/C_/Users/NikolaT/.pico-sdk/sdk/2.1.1/lib/tinyusb/src/portable/raspberrypi/rp2040/dcd_rp2040.c.obj
                0x10004c2c                dcd_edpt_close_all
 .text.dcd_edpt_xfer
                0x10004c34       0x24 CMakeFiles/util_pico_spi_slave.dir/C_/Users/NikolaT/.pico-sdk/sdk/2.1.1/lib/tinyusb/src/portable/raspberrypi/rp2040/dcd_rp2040.c.obj
                0x10004c34                dcd_edpt_xfer
 .text.dcd_edpt_stall
                0x10004c58       0x3c CMakeFiles/util_pico_spi_slave.dir/C_/Users/NikolaT/.pico-sdk/sdk/2.1.1/lib/tinyusb/src/portable/raspberrypi/rp2040/dcd_rp2040.c.obj
                0x10004c58                dcd_edpt_stall
 .text.dcd_edpt_clear_stall
                0x10004c94       0x30 CMakeFiles/util_pico_spi_slave.dir/C_/Users/NikolaT/.pico-sdk/sdk/2.1.1/lib/tinyusb/src/portable/raspberrypi/rp2040/dcd_rp2040.c.obj
                0x10004c94                dcd_edpt_clear_stall
 .text.rp2040_usb_init
                0x10004cc4       0x40 CMakeFiles/util_pico_spi_slave.dir/C_/Users/NikolaT/.pico-sdk/sdk/2.1.1/lib/tinyusb/src/portable/raspberrypi/rp2040/rp2040_usb.c.obj
                0x10004cc4                rp2040_usb_init
 .text.hw_endpoint_xfer_start
                0x10004d04       0x40 CMakeFiles/util_pico_spi_slave.dir/C_/Users/NikolaT/.pico-sdk/sdk/2.1.1/lib/tinyusb/src/portable/raspberrypi/rp2040/rp2040_usb.c.obj
                0x10004d04                hw_endpoint_xfer_start
 .text.tud_event_hook_cb
                0x10004d44        0x4 CMakeFiles/util_pico_spi_slave.dir/C_/Users/NikolaT/.pico-sdk/sdk/2.1.1/lib/tinyusb/src/device/usbd.c.obj
                0x10004d44                tud_event_hook_cb
 .text.tud_sof_cb
                0x10004d48        0x4 CMakeFiles/util_pico_spi_slave.dir/C_/Users/NikolaT/.pico-sdk/sdk/2.1.1/lib/tinyusb/src/device/usbd.c.obj
                0x10004d48                tud_sof_cb
 .text.tud_descriptor_device_qualifier_cb
                0x10004d4c        0x4 CMakeFiles/util_pico_spi_slave.dir/C_/Users/NikolaT/.pico-sdk/sdk/2.1.1/lib/tinyusb/src/device/usbd.c.obj
                0x10004d4c                tud_descriptor_device_qualifier_cb
 .text.tud_descriptor_other_speed_configuration_cb
                0x10004d50        0x4 CMakeFiles/util_pico_spi_slave.dir/C_/Users/NikolaT/.pico-sdk/sdk/2.1.1/lib/tinyusb/src/device/usbd.c.obj
                0x10004d50                tud_descriptor_other_speed_configuration_cb
 .text.tud_mount_cb
                0x10004d54        0x4 CMakeFiles/util_pico_spi_slave.dir/C_/Users/NikolaT/.pico-sdk/sdk/2.1.1/lib/tinyusb/src/device/usbd.c.obj
                0x10004d54                tud_mount_cb
 .text.tud_umount_cb
                0x10004d58        0x4 CMakeFiles/util_pico_spi_slave.dir/C_/Users/NikolaT/.pico-sdk/sdk/2.1.1/lib/tinyusb/src/device/usbd.c.obj
                0x10004d58                tud_umount_cb
 .text.tud_suspend_cb
                0x10004d5c        0x4 CMakeFiles/util_pico_spi_slave.dir/C_/Users/NikolaT/.pico-sdk/sdk/2.1.1/lib/tinyusb/src/device/usbd.c.obj
                0x10004d5c                tud_suspend_cb
 .text.tud_resume_cb
                0x10004d60        0x4 CMakeFiles/util_pico_spi_slave.dir/C_/Users/NikolaT/.pico-sdk/sdk/2.1.1/lib/tinyusb/src/device/usbd.c.obj
                0x10004d60                tud_resume_cb
 .text.tud_mounted
                0x10004d64       0x10 CMakeFiles/util_pico_spi_slave.dir/C_/Users/NikolaT/.pico-sdk/sdk/2.1.1/lib/tinyusb/src/device/usbd.c.obj
                0x10004d64                tud_mounted
 .text.tud_suspended
                0x10004d74       0x10 CMakeFiles/util_pico_spi_slave.dir/C_/Users/NikolaT/.pico-sdk/sdk/2.1.1/lib/tinyusb/src/device/usbd.c.obj
                0x10004d74                tud_suspended
 .text.tud_rhport_init
                0x10004d84       0xf4 CMakeFiles/util_pico_spi_slave.dir/C_/Users/NikolaT/.pico-sdk/sdk/2.1.1/lib/tinyusb/src/device/usbd.c.obj
                0x10004d84                tud_rhport_init
 .text.tud_task_ext
                0x10004e78      0x800 CMakeFiles/util_pico_spi_slave.dir/C_/Users/NikolaT/.pico-sdk/sdk/2.1.1/lib/tinyusb/src/device/usbd.c.obj
                0x10004e78                tud_task_ext
 .text.usbd_open_edpt_pair
                0x10005678       0x9c CMakeFiles/util_pico_spi_slave.dir/C_/Users/NikolaT/.pico-sdk/sdk/2.1.1/lib/tinyusb/src/device/usbd.c.obj
                0x10005678                usbd_open_edpt_pair
 .text.usbd_edpt_open
                0x10005714       0x34 CMakeFiles/util_pico_spi_slave.dir/C_/Users/NikolaT/.pico-sdk/sdk/2.1.1/lib/tinyusb/src/device/usbd.c.obj
                0x10005714                usbd_edpt_open
 .text.usbd_edpt_claim
                0x10005748       0x28 CMakeFiles/util_pico_spi_slave.dir/C_/Users/NikolaT/.pico-sdk/sdk/2.1.1/lib/tinyusb/src/device/usbd.c.obj
                0x10005748                usbd_edpt_claim
 .text.usbd_edpt_release
                0x10005770       0x28 CMakeFiles/util_pico_spi_slave.dir/C_/Users/NikolaT/.pico-sdk/sdk/2.1.1/lib/tinyusb/src/device/usbd.c.obj
                0x10005770                usbd_edpt_release
 .text.usbd_edpt_xfer
                0x10005798       0x4c CMakeFiles/util_pico_spi_slave.dir/C_/Users/NikolaT/.pico-sdk/sdk/2.1.1/lib/tinyusb/src/device/usbd.c.obj
                0x10005798                usbd_edpt_xfer
 .text.tud_control_status
                0x100057e4       0x2c CMakeFiles/util_pico_spi_slave.dir/C_/Users/NikolaT/.pico-sdk/sdk/2.1.1/lib/tinyusb/src/device/usbd_control.c.obj
                0x100057e4                tud_control_status
 .text.tud_control_xfer
                0x10005810       0xa8 CMakeFiles/util_pico_spi_slave.dir/C_/Users/NikolaT/.pico-sdk/sdk/2.1.1/lib/tinyusb/src/device/usbd_control.c.obj
                0x10005810                tud_control_xfer
 .text.usbd_control_reset
                0x100058b8       0x14 CMakeFiles/util_pico_spi_slave.dir/C_/Users/NikolaT/.pico-sdk/sdk/2.1.1/lib/tinyusb/src/device/usbd_control.c.obj
                0x100058b8                usbd_control_reset
 .text.usbd_control_set_complete_callback
                0x100058cc        0xc CMakeFiles/util_pico_spi_slave.dir/C_/Users/NikolaT/.pico-sdk/sdk/2.1.1/lib/tinyusb/src/device/usbd_control.c.obj
                0x100058cc                usbd_control_set_complete_callback
 .text.usbd_control_set_request
                0x100058d8       0x1c CMakeFiles/util_pico_spi_slave.dir/C_/Users/NikolaT/.pico-sdk/sdk/2.1.1/lib/tinyusb/src/device/usbd_control.c.obj
                0x100058d8                usbd_control_set_request
 .text.usbd_control_xfer_cb
                0x100058f4       0xec CMakeFiles/util_pico_spi_slave.dir/C_/Users/NikolaT/.pico-sdk/sdk/2.1.1/lib/tinyusb/src/device/usbd_control.c.obj
                0x100058f4                usbd_control_xfer_cb
 .text._prep_out_transaction.isra.0
                0x100059e0       0x6c CMakeFiles/util_pico_spi_slave.dir/C_/Users/NikolaT/.pico-sdk/sdk/2.1.1/lib/tinyusb/src/class/cdc/cdc_device.c.obj
 .text.tud_cdc_n_connected
                0x10005a4c       0x2c CMakeFiles/util_pico_spi_slave.dir/C_/Users/NikolaT/.pico-sdk/sdk/2.1.1/lib/tinyusb/src/class/cdc/cdc_device.c.obj
                0x10005a4c                tud_cdc_n_connected
 .text.tud_cdc_n_available
                0x10005a78       0x14 CMakeFiles/util_pico_spi_slave.dir/C_/Users/NikolaT/.pico-sdk/sdk/2.1.1/lib/tinyusb/src/class/cdc/cdc_device.c.obj
                0x10005a78                tud_cdc_n_available
 .text.tud_cdc_n_read
                0x10005a8c       0x88 CMakeFiles/util_pico_spi_slave.dir/C_/Users/NikolaT/.pico-sdk/sdk/2.1.1/lib/tinyusb/src/class/cdc/cdc_device.c.obj
                0x10005a8c                tud_cdc_n_read
 .text.tud_cdc_n_write_flush
                0x10005b14       0x74 CMakeFiles/util_pico_spi_slave.dir/C_/Users/NikolaT/.pico-sdk/sdk/2.1.1/lib/tinyusb/src/class/cdc/cdc_device.c.obj
                0x10005b14                tud_cdc_n_write_flush
 .text.tud_cdc_n_write
                0x10005b88       0x40 CMakeFiles/util_pico_spi_slave.dir/C_/Users/NikolaT/.pico-sdk/sdk/2.1.1/lib/tinyusb/src/class/cdc/cdc_device.c.obj
                0x10005b88                tud_cdc_n_write
 .text.tud_cdc_n_write_available
                0x10005bc8       0x14 CMakeFiles/util_pico_spi_slave.dir/C_/Users/NikolaT/.pico-sdk/sdk/2.1.1/lib/tinyusb/src/class/cdc/cdc_device.c.obj
                0x10005bc8                tud_cdc_n_write_available
 .text.cdcd_init
                0x10005bdc       0x70 CMakeFiles/util_pico_spi_slave.dir/C_/Users/NikolaT/.pico-sdk/sdk/2.1.1/lib/tinyusb/src/class/cdc/cdc_device.c.obj
                0x10005bdc                cdcd_init
 .text.cdcd_deinit
                0x10005c4c       0x30 CMakeFiles/util_pico_spi_slave.dir/C_/Users/NikolaT/.pico-sdk/sdk/2.1.1/lib/tinyusb/src/class/cdc/cdc_device.c.obj
                0x10005c4c                cdcd_deinit
 .text.cdcd_reset
                0x10005c7c       0x4c CMakeFiles/util_pico_spi_slave.dir/C_/Users/NikolaT/.pico-sdk/sdk/2.1.1/lib/tinyusb/src/class/cdc/cdc_device.c.obj
                0x10005c7c                cdcd_reset
 .text.cdcd_open
                0x10005cc8       0xa4 CMakeFiles/util_pico_spi_slave.dir/C_/Users/NikolaT/.pico-sdk/sdk/2.1.1/lib/tinyusb/src/class/cdc/cdc_device.c.obj
                0x10005cc8                cdcd_open
 .text.cdcd_control_xfer_cb
                0x10005d6c       0xe8 CMakeFiles/util_pico_spi_slave.dir/C_/Users/NikolaT/.pico-sdk/sdk/2.1.1/lib/tinyusb/src/class/cdc/cdc_device.c.obj
                0x10005d6c                cdcd_control_xfer_cb
 .text.cdcd_xfer_cb
                0x10005e54      0x100 CMakeFiles/util_pico_spi_slave.dir/C_/Users/NikolaT/.pico-sdk/sdk/2.1.1/lib/tinyusb/src/class/cdc/cdc_device.c.obj
                0x10005e54                cdcd_xfer_cb
 .text.vendord_init
                0x10005f54       0x5c CMakeFiles/util_pico_spi_slave.dir/C_/Users/NikolaT/.pico-sdk/sdk/2.1.1/lib/tinyusb/src/class/vendor/vendor_device.c.obj
                0x10005f54                vendord_init
 .text.vendord_deinit
                0x10005fb0       0x1c CMakeFiles/util_pico_spi_slave.dir/C_/Users/NikolaT/.pico-sdk/sdk/2.1.1/lib/tinyusb/src/class/vendor/vendor_device.c.obj
                0x10005fb0                vendord_deinit
 .text.vendord_reset
                0x10005fcc       0x28 CMakeFiles/util_pico_spi_slave.dir/C_/Users/NikolaT/.pico-sdk/sdk/2.1.1/lib/tinyusb/src/class/vendor/vendor_device.c.obj
                0x10005fcc                vendord_reset
 .text.vendord_open
                0x10005ff4      0x120 CMakeFiles/util_pico_spi_slave.dir/C_/Users/NikolaT/.pico-sdk/sdk/2.1.1/lib/tinyusb/src/class/vendor/vendor_device.c.obj
                0x10005ff4                vendord_open
 .text.vendord_xfer_cb
                0x10006114       0x9c CMakeFiles/util_pico_spi_slave.dir/C_/Users/NikolaT/.pico-sdk/sdk/2.1.1/lib/tinyusb/src/class/vendor/vendor_device.c.obj
                0x10006114                vendord_xfer_cb
 .text.tusb_rhport_init
                0x100061b0       0x4c CMakeFiles/util_pico_spi_slave.dir/C_/Users/NikolaT/.pico-sdk/sdk/2.1.1/lib/tinyusb/src/tusb.c.obj
                0x100061b0                tusb_rhport_init
 .text.tu_edpt_claim
                0x100061fc       0x50 CMakeFiles/util_pico_spi_slave.dir/C_/Users/NikolaT/.pico-sdk/sdk/2.1.1/lib/tinyusb/src/tusb.c.obj
                0x100061fc                tu_edpt_claim
 .text.tu_edpt_release
                0x1000624c       0x38 CMakeFiles/util_pico_spi_slave.dir/C_/Users/NikolaT/.pico-sdk/sdk/2.1.1/lib/tinyusb/src/tusb.c.obj
                0x1000624c                tu_edpt_release
 .text.tu_edpt_validate
                0x10006284       0x7c CMakeFiles/util_pico_spi_slave.dir/C_/Users/NikolaT/.pico-sdk/sdk/2.1.1/lib/tinyusb/src/tusb.c.obj
                0x10006284                tu_edpt_validate
 .text.tu_edpt_bind_driver
                0x10006300       0x34 CMakeFiles/util_pico_spi_slave.dir/C_/Users/NikolaT/.pico-sdk/sdk/2.1.1/lib/tinyusb/src/tusb.c.obj
                0x10006300                tu_edpt_bind_driver
 .text.tu_edpt_stream_init
                0x10006334       0x6c CMakeFiles/util_pico_spi_slave.dir/C_/Users/NikolaT/.pico-sdk/sdk/2.1.1/lib/tinyusb/src/tusb.c.obj
                0x10006334                tu_edpt_stream_init
 .text.tu_edpt_stream_deinit
                0x100063a0        0x4 CMakeFiles/util_pico_spi_slave.dir/C_/Users/NikolaT/.pico-sdk/sdk/2.1.1/lib/tinyusb/src/tusb.c.obj
                0x100063a0                tu_edpt_stream_deinit
 .text.tu_edpt_stream_write_zlp_if_needed
                0x100063a4       0x68 CMakeFiles/util_pico_spi_slave.dir/C_/Users/NikolaT/.pico-sdk/sdk/2.1.1/lib/tinyusb/src/tusb.c.obj
                0x100063a4                tu_edpt_stream_write_zlp_if_needed
 .text.tu_edpt_stream_write_xfer
                0x1000640c       0x68 CMakeFiles/util_pico_spi_slave.dir/C_/Users/NikolaT/.pico-sdk/sdk/2.1.1/lib/tinyusb/src/tusb.c.obj
                0x1000640c                tu_edpt_stream_write_xfer
 .text.tu_edpt_stream_read_xfer
                0x10006474       0xd8 CMakeFiles/util_pico_spi_slave.dir/C_/Users/NikolaT/.pico-sdk/sdk/2.1.1/lib/tinyusb/src/tusb.c.obj
                0x10006474                tu_edpt_stream_read_xfer
 .text.tu_fifo_config
                0x1000654c       0x6c CMakeFiles/util_pico_spi_slave.dir/C_/Users/NikolaT/.pico-sdk/sdk/2.1.1/lib/tinyusb/src/common/tusb_fifo.c.obj
                0x1000654c                tu_fifo_config
 .text.tu_fifo_count
                0x100065b8       0x2c CMakeFiles/util_pico_spi_slave.dir/C_/Users/NikolaT/.pico-sdk/sdk/2.1.1/lib/tinyusb/src/common/tusb_fifo.c.obj
                0x100065b8                tu_fifo_count
 .text.tu_fifo_empty
                0x100065e4       0x10 CMakeFiles/util_pico_spi_slave.dir/C_/Users/NikolaT/.pico-sdk/sdk/2.1.1/lib/tinyusb/src/common/tusb_fifo.c.obj
                0x100065e4                tu_fifo_empty
 .text.tu_fifo_remaining
                0x100065f4       0x2c CMakeFiles/util_pico_spi_slave.dir/C_/Users/NikolaT/.pico-sdk/sdk/2.1.1/lib/tinyusb/src/common/tusb_fifo.c.obj
                0x100065f4                tu_fifo_remaining
 .text.tu_fifo_read
                0x10006620       0x9c CMakeFiles/util_pico_spi_slave.dir/C_/Users/NikolaT/.pico-sdk/sdk/2.1.1/lib/tinyusb/src/common/tusb_fifo.c.obj
                0x10006620                tu_fifo_read
 .text.tu_fifo_read_n
                0x100066bc       0xe8 CMakeFiles/util_pico_spi_slave.dir/C_/Users/NikolaT/.pico-sdk/sdk/2.1.1/lib/tinyusb/src/common/tusb_fifo.c.obj
                0x100066bc                tu_fifo_read_n
 .text.tu_fifo_write
                0x100067a4       0xa4 CMakeFiles/util_pico_spi_slave.dir/C_/Users/NikolaT/.pico-sdk/sdk/2.1.1/lib/tinyusb/src/common/tusb_fifo.c.obj
                0x100067a4                tu_fifo_write
 .text.tu_fifo_write_n
                0x10006848      0x178 CMakeFiles/util_pico_spi_slave.dir/C_/Users/NikolaT/.pico-sdk/sdk/2.1.1/lib/tinyusb/src/common/tusb_fifo.c.obj
                0x10006848                tu_fifo_write_n
 .text.tu_fifo_clear
                0x100069c0       0x40 CMakeFiles/util_pico_spi_slave.dir/C_/Users/NikolaT/.pico-sdk/sdk/2.1.1/lib/tinyusb/src/common/tusb_fifo.c.obj
                0x100069c0                tu_fifo_clear
 .text.tu_fifo_set_overwritable
                0x10006a00       0x48 CMakeFiles/util_pico_spi_slave.dir/C_/Users/NikolaT/.pico-sdk/sdk/2.1.1/lib/tinyusb/src/common/tusb_fifo.c.obj
                0x10006a00                tu_fifo_set_overwritable
 .text.strlen   0x10006a48       0x5c C:/Users/NikolaT/.pico-sdk/toolchain/14_2_Rel1/bin/../lib/gcc/arm-none-eabi/14.2.1/thumb/v6-m/nofp\libg.a(libc_a-strlen-stub.o)
                0x10006a48                strlen
 *(.fini)
 .fini          0x10006aa4        0x4 C:/Users/NikolaT/.pico-sdk/toolchain/14_2_Rel1/bin/../lib/gcc/arm-none-eabi/14.2.1/thumb/v6-m/nofp/crti.o
                0x10006aa4                _fini
 .fini.__stub   0x10006aa8       0xd0 linker stubs
 *crtbegin.o(.ctors)
 *crtbegin?.o(.ctors)
 *(EXCLUDE_FILE(*crtend.o *crtend?.o) .ctors)
 *(SORT_BY_NAME(.ctors.*))
 *(.ctors)
 *crtbegin.o(.dtors)
 *crtbegin?.o(.dtors)
 *(EXCLUDE_FILE(*crtend.o *crtend?.o) .dtors)
 *(SORT_BY_NAME(.dtors.*))
 *(.dtors)
                0x10006b78                        . = ALIGN (0x4)
                0x10006b78                        PROVIDE (__preinit_array_start = .)
 *(SORT_BY_NAME(.preinit_array.*))
 .preinit_array.00100
                0x10006b78        0x4 CMakeFiles/util_pico_spi_slave.dir/C_/Users/NikolaT/.pico-sdk/sdk/2.1.1/src/rp2_common/pico_runtime_init/runtime_init.c.obj
                0x10006b78                __pre_init_runtime_init_early_resets
 .preinit_array.00101
                0x10006b7c        0x4 CMakeFiles/util_pico_spi_slave.dir/C_/Users/NikolaT/.pico-sdk/sdk/2.1.1/src/rp2_common/pico_runtime_init/runtime_init.c.obj
                0x10006b7c                __pre_init_runtime_init_usb_power_down
 .preinit_array.00275
                0x10006b80        0x4 CMakeFiles/util_pico_spi_slave.dir/C_/Users/NikolaT/.pico-sdk/sdk/2.1.1/src/rp2_common/pico_bit_ops/bit_ops_aeabi.S.obj
 .preinit_array.00300
                0x10006b84        0x4 CMakeFiles/util_pico_spi_slave.dir/C_/Users/NikolaT/.pico-sdk/sdk/2.1.1/src/rp2_common/pico_mem_ops/mem_ops_aeabi.S.obj
 .preinit_array.00350
                0x10006b88        0x4 CMakeFiles/util_pico_spi_slave.dir/C_/Users/NikolaT/.pico-sdk/sdk/2.1.1/src/rp2_common/pico_double/double_aeabi_rp2040.S.obj
 .preinit_array.00350
                0x10006b8c        0x4 CMakeFiles/util_pico_spi_slave.dir/C_/Users/NikolaT/.pico-sdk/sdk/2.1.1/src/rp2_common/pico_float/float_aeabi_rp2040.S.obj
 .preinit_array.00500
                0x10006b90        0x4 CMakeFiles/util_pico_spi_slave.dir/C_/Users/NikolaT/.pico-sdk/sdk/2.1.1/src/rp2_common/pico_runtime_init/runtime_init.c.obj
                0x10006b90                __pre_init_runtime_init_clocks
 .preinit_array.00600
                0x10006b94        0x4 CMakeFiles/util_pico_spi_slave.dir/C_/Users/NikolaT/.pico-sdk/sdk/2.1.1/src/rp2_common/pico_runtime_init/runtime_init.c.obj
                0x10006b94                __pre_init_runtime_init_post_clock_resets
 .preinit_array.00700
                0x10006b98        0x4 CMakeFiles/util_pico_spi_slave.dir/C_/Users/NikolaT/.pico-sdk/sdk/2.1.1/src/rp2_common/pico_runtime_init/runtime_init.c.obj
                0x10006b98                __pre_init_runtime_init_rp2040_gpio_ie_disable
 .preinit_array.01000
                0x10006b9c        0x4 CMakeFiles/util_pico_spi_slave.dir/C_/Users/NikolaT/.pico-sdk/sdk/2.1.1/src/rp2_common/pico_runtime_init/runtime_init.c.obj
                0x10006b9c                __pre_init_runtime_init_spin_locks_reset
 .preinit_array.01100
                0x10006ba0        0x4 CMakeFiles/util_pico_spi_slave.dir/C_/Users/NikolaT/.pico-sdk/sdk/2.1.1/src/common/pico_sync/mutex.c.obj
                0x10006ba0                __pre_init_runtime_init_mutex
 .preinit_array.10080
                0x10006ba4        0x4 CMakeFiles/util_pico_spi_slave.dir/C_/Users/NikolaT/.pico-sdk/sdk/2.1.1/src/rp2_common/pico_runtime_init/runtime_init.c.obj
                0x10006ba4                __pre_init_runtime_init_install_ram_vector_table
 .preinit_array.11000
                0x10006ba8        0x4 CMakeFiles/util_pico_spi_slave.dir/C_/Users/NikolaT/.pico-sdk/sdk/2.1.1/src/common/pico_time/time.c.obj
                0x10006ba8                __pre_init_runtime_init_default_alarm_pool
 .preinit_array.YYYYY
                0x10006bac        0x4 CMakeFiles/util_pico_spi_slave.dir/C_/Users/NikolaT/.pico-sdk/sdk/2.1.1/src/rp2_common/pico_runtime/runtime.c.obj
                0x10006bac                __pre_init_first_per_core_initializer
 .preinit_array.ZZZZZ.01200
                0x10006bb0        0x4 CMakeFiles/util_pico_spi_slave.dir/C_/Users/NikolaT/.pico-sdk/sdk/2.1.1/src/rp2_common/hardware_irq/irq.c.obj
                0x10006bb0                __pre_init_runtime_init_per_core_irq_priorities
 *(.preinit_array)
                0x10006bb4                        PROVIDE (__preinit_array_end = .)
                0x10006bb4                        . = ALIGN (0x4)
                0x10006bb4                        PROVIDE (__init_array_start = .)
 *(SORT_BY_NAME(.init_array.*))
 *(.init_array)
 .init_array    0x10006bb4        0x4 C:/Users/NikolaT/.pico-sdk/toolchain/14_2_Rel1/bin/../lib/gcc/arm-none-eabi/14.2.1/thumb/v6-m/nofp/crtbegin.o
 .init_array    0x10006bb8        0x4 CMakeFiles/util_pico_spi_slave.dir/C_/Users/NikolaT/.pico-sdk/sdk/2.1.1/src/rp2_common/pico_unique_id/unique_id.c.obj
                0x10006bbc                        PROVIDE (__init_array_end = .)
                0x10006bbc                        . = ALIGN (0x4)
                [!provide]                        PROVIDE (__fini_array_start = .)
 *(SORT_BY_NAME(.fini_array.*))
 *(.fini_array)
                [!provide]                        PROVIDE (__fini_array_end = .)
 *(.eh_frame*)
 .eh_frame      0x10006bbc        0x0 C:/Users/NikolaT/.pico-sdk/toolchain/14_2_Rel1/bin/../lib/gcc/arm-none-eabi/14.2.1/thumb/v6-m/nofp/crtbegin.o
                0x10006bbc                        . = ALIGN (0x4)

.glue_7         0x10006bbc        0x0
 .glue_7        0x10006bbc        0x0 linker stubs

.glue_7t        0x10006bbc        0x0
 .glue_7t       0x10006bbc        0x0 linker stubs

.vfp11_veneer   0x10006bbc        0x0
 .vfp11_veneer  0x10006bbc        0x0 linker stubs

.v4_bx          0x10006bbc        0x0
 .v4_bx         0x10006bbc        0x0 linker stubs

.iplt           0x10006bbc        0x0
 .iplt          0x10006bbc        0x0 C:/Users/NikolaT/.pico-sdk/toolchain/14_2_Rel1/bin/../lib/gcc/arm-none-eabi/14.2.1/thumb/v6-m/nofp/crtbegin.o

.rodata         0x10006bc0      0x6e4
 *(EXCLUDE_FILE(*libm.a: *libc.a:*lib_a-mem*.o *libgcc.a:) .rodata*)
 .rodata.printbuf.str1.4
                0x10006bc0      0x22c CMakeFiles/util_pico_spi_slave.dir/util_pico_spi_slave.c.obj
                                  0xe (size before relaxing)
 .rodata.main.str1.4
                0x10006dec       0x9e CMakeFiles/util_pico_spi_slave.dir/util_pico_spi_slave.c.obj
 .rodata.__bi_155.0
                0x10006dec        0x8 CMakeFiles/util_pico_spi_slave.dir/util_pico_spi_slave.c.obj
 .rodata.panic.str1.4
                0x10006df4       0x12 CMakeFiles/util_pico_spi_slave.dir/C_/Users/NikolaT/.pico-sdk/sdk/2.1.1/src/rp2_common/pico_platform_panic/panic.c.obj
 .rodata.spin_lock_claim_unused.str1.4
                0x10006df4       0x1b CMakeFiles/util_pico_spi_slave.dir/C_/Users/NikolaT/.pico-sdk/sdk/2.1.1/src/rp2_common/hardware_sync/sync.c.obj
 .rodata.user_irq_claim_unused.str1.4
                0x10006df4       0x1b CMakeFiles/util_pico_spi_slave.dir/C_/Users/NikolaT/.pico-sdk/sdk/2.1.1/src/rp2_common/hardware_irq/irq.c.obj
 .rodata.timer_hardware_alarm_claim.str1.4
                0x10006df4       0x22 CMakeFiles/util_pico_spi_slave.dir/C_/Users/NikolaT/.pico-sdk/sdk/2.1.1/src/rp2_common/hardware_timer/timer.c.obj
 .rodata.hard_assertion_failure.str1.4
                0x10006df4        0xc CMakeFiles/util_pico_spi_slave.dir/C_/Users/NikolaT/.pico-sdk/sdk/2.1.1/src/rp2_common/pico_runtime/runtime.c.obj
 .rodata.str1.4
                0x10006df4       0x4c CMakeFiles/util_pico_spi_slave.dir/C_/Users/NikolaT/.pico-sdk/sdk/2.1.1/src/rp2_common/pico_standard_binary_info/standard_binary_info.c.obj
 .rodata.__bi_84
                0x10006df4        0xc CMakeFiles/util_pico_spi_slave.dir/C_/Users/NikolaT/.pico-sdk/sdk/2.1.1/src/rp2_common/pico_standard_binary_info/standard_binary_info.c.obj
 .rodata.__bi_78
                0x10006e00        0xc CMakeFiles/util_pico_spi_slave.dir/C_/Users/NikolaT/.pico-sdk/sdk/2.1.1/src/rp2_common/pico_standard_binary_info/standard_binary_info.c.obj
 .rodata.__bi_60
                0x10006e0c        0xc CMakeFiles/util_pico_spi_slave.dir/C_/Users/NikolaT/.pico-sdk/sdk/2.1.1/src/rp2_common/pico_standard_binary_info/standard_binary_info.c.obj
 .rodata.__bi_54
                0x10006e18        0xc CMakeFiles/util_pico_spi_slave.dir/C_/Users/NikolaT/.pico-sdk/sdk/2.1.1/src/rp2_common/pico_standard_binary_info/standard_binary_info.c.obj
 .rodata.__bi_48
                0x10006e24        0xc CMakeFiles/util_pico_spi_slave.dir/C_/Users/NikolaT/.pico-sdk/sdk/2.1.1/src/rp2_common/pico_standard_binary_info/standard_binary_info.c.obj
 .rodata.__bi_42
                0x10006e30        0xc CMakeFiles/util_pico_spi_slave.dir/C_/Users/NikolaT/.pico-sdk/sdk/2.1.1/src/rp2_common/pico_standard_binary_info/standard_binary_info.c.obj
 .rodata.__bi_34
                0x10006e3c        0xc CMakeFiles/util_pico_spi_slave.dir/C_/Users/NikolaT/.pico-sdk/sdk/2.1.1/src/rp2_common/pico_standard_binary_info/standard_binary_info.c.obj
 .rodata.__bi_26
                0x10006e48        0xc CMakeFiles/util_pico_spi_slave.dir/C_/Users/NikolaT/.pico-sdk/sdk/2.1.1/src/rp2_common/pico_standard_binary_info/standard_binary_info.c.obj
 .rodata._ftoa.str1.4
                0x10006e54       0x15 CMakeFiles/util_pico_spi_slave.dir/C_/Users/NikolaT/.pico-sdk/sdk/2.1.1/src/rp2_common/pico_printf/printf.c.obj
 .rodata._vsnprintf
                0x10006e54      0x19c CMakeFiles/util_pico_spi_slave.dir/C_/Users/NikolaT/.pico-sdk/sdk/2.1.1/src/rp2_common/pico_printf/printf.c.obj
 .rodata.pow10.0
                0x10006ff0       0x50 CMakeFiles/util_pico_spi_slave.dir/C_/Users/NikolaT/.pico-sdk/sdk/2.1.1/src/rp2_common/pico_printf/printf.c.obj
 .rodata.crlf_str.0
                0x10007040        0x2 CMakeFiles/util_pico_spi_slave.dir/C_/Users/NikolaT/.pico-sdk/sdk/2.1.1/src/rp2_common/pico_stdio/stdio.c.obj
 *fill*         0x10007042        0x2 
 .rodata._resetd_driver
                0x10007044       0x20 CMakeFiles/util_pico_spi_slave.dir/C_/Users/NikolaT/.pico-sdk/sdk/2.1.1/src/rp2_common/pico_stdio_usb/reset_interface.c.obj
 .rodata.desc_ms_os_20
                0x10007064       0xa6 CMakeFiles/util_pico_spi_slave.dir/C_/Users/NikolaT/.pico-sdk/sdk/2.1.1/src/rp2_common/pico_stdio_usb/reset_interface.c.obj
 *fill*         0x1000710a        0x2 
 .rodata.desc_bos
                0x1000710c       0x21 CMakeFiles/util_pico_spi_slave.dir/C_/Users/NikolaT/.pico-sdk/sdk/2.1.1/src/rp2_common/pico_stdio_usb/reset_interface.c.obj
                0x1000710c                desc_bos
 .rodata.str1.4
                0x1000712d       0x13 CMakeFiles/util_pico_spi_slave.dir/C_/Users/NikolaT/.pico-sdk/sdk/2.1.1/src/rp2_common/pico_stdio_usb/stdio_usb.c.obj
 *fill*         0x1000712d        0x3 
 .rodata.__bi_197.0
                0x10007130        0xc CMakeFiles/util_pico_spi_slave.dir/C_/Users/NikolaT/.pico-sdk/sdk/2.1.1/src/rp2_common/pico_stdio_usb/stdio_usb.c.obj
 .rodata.str1.4
                0x1000713c       0x2a CMakeFiles/util_pico_spi_slave.dir/C_/Users/NikolaT/.pico-sdk/sdk/2.1.1/src/rp2_common/pico_stdio_usb/stdio_usb_descriptors.c.obj
 .rodata.usbd_desc_str
                0x1000713c       0x18 CMakeFiles/util_pico_spi_slave.dir/C_/Users/NikolaT/.pico-sdk/sdk/2.1.1/src/rp2_common/pico_stdio_usb/stdio_usb_descriptors.c.obj
 .rodata.usbd_desc_cfg
                0x10007154       0x54 CMakeFiles/util_pico_spi_slave.dir/C_/Users/NikolaT/.pico-sdk/sdk/2.1.1/src/rp2_common/pico_stdio_usb/stdio_usb_descriptors.c.obj
 .rodata.usbd_desc_device
                0x100071a8       0x12 CMakeFiles/util_pico_spi_slave.dir/C_/Users/NikolaT/.pico-sdk/sdk/2.1.1/src/rp2_common/pico_stdio_usb/stdio_usb_descriptors.c.obj
 .rodata.str1.4
                0x100071ba       0x14 CMakeFiles/util_pico_spi_slave.dir/C_/Users/NikolaT/.pico-sdk/sdk/2.1.1/lib/tinyusb/src/portable/raspberrypi/rp2040/dcd_rp2040.c.obj
 .rodata.str1.4
                0x100071ba       0x48 CMakeFiles/util_pico_spi_slave.dir/C_/Users/NikolaT/.pico-sdk/sdk/2.1.1/lib/tinyusb/src/portable/raspberrypi/rp2040/rp2040_usb.c.obj
 *fill*         0x100071ba        0x2 
 .rodata.tud_task_ext
                0x100071bc       0x8c CMakeFiles/util_pico_spi_slave.dir/C_/Users/NikolaT/.pico-sdk/sdk/2.1.1/lib/tinyusb/src/device/usbd.c.obj
 .rodata        0x10007248       0x1c CMakeFiles/util_pico_spi_slave.dir/C_/Users/NikolaT/.pico-sdk/sdk/2.1.1/lib/tinyusb/src/device/usbd.c.obj
 .rodata._usbd_driver
                0x10007264       0x40 CMakeFiles/util_pico_spi_slave.dir/C_/Users/NikolaT/.pico-sdk/sdk/2.1.1/lib/tinyusb/src/device/usbd.c.obj
                0x100072a4                        . = ALIGN (0x4)
 *(SORT_BY_ALIGNMENT(SORT_BY_NAME(.flashdata*)))
                0x100072a4                        . = ALIGN (0x4)

.ARM.extab
 *(.ARM.extab* .gnu.linkonce.armextab.*)
                0x100072a4                        __exidx_start = .

.ARM.exidx
 *(.ARM.exidx* .gnu.linkonce.armexidx.*)
                0x100072a4                        __exidx_end = .
                0x100072a4                        . = ALIGN (0x4)
                0x100072a4                        __binary_info_start = .

.binary_info    0x100072a4       0x28
 *(.binary_info.keep.*)
 .binary_info.keep.__bi_ptr155
                0x100072a4        0x4 CMakeFiles/util_pico_spi_slave.dir/util_pico_spi_slave.c.obj
 .binary_info.keep.__bi_ptr84
                0x100072a8        0x4 CMakeFiles/util_pico_spi_slave.dir/C_/Users/NikolaT/.pico-sdk/sdk/2.1.1/src/rp2_common/pico_standard_binary_info/standard_binary_info.c.obj
 .binary_info.keep.__bi_ptr78
                0x100072ac        0x4 CMakeFiles/util_pico_spi_slave.dir/C_/Users/NikolaT/.pico-sdk/sdk/2.1.1/src/rp2_common/pico_standard_binary_info/standard_binary_info.c.obj
 .binary_info.keep.__bi_ptr60
                0x100072b0        0x4 CMakeFiles/util_pico_spi_slave.dir/C_/Users/NikolaT/.pico-sdk/sdk/2.1.1/src/rp2_common/pico_standard_binary_info/standard_binary_info.c.obj
 .binary_info.keep.__bi_ptr54
                0x100072b4        0x4 CMakeFiles/util_pico_spi_slave.dir/C_/Users/NikolaT/.pico-sdk/sdk/2.1.1/src/rp2_common/pico_standard_binary_info/standard_binary_info.c.obj
 .binary_info.keep.__bi_ptr48
                0x100072b8        0x4 CMakeFiles/util_pico_spi_slave.dir/C_/Users/NikolaT/.pico-sdk/sdk/2.1.1/src/rp2_common/pico_standard_binary_info/standard_binary_info.c.obj
 .binary_info.keep.__bi_ptr42
                0x100072bc        0x4 CMakeFiles/util_pico_spi_slave.dir/C_/Users/NikolaT/.pico-sdk/sdk/2.1.1/src/rp2_common/pico_standard_binary_info/standard_binary_info.c.obj
 .binary_info.keep.__bi_ptr34
                0x100072c0        0x4 CMakeFiles/util_pico_spi_slave.dir/C_/Users/NikolaT/.pico-sdk/sdk/2.1.1/src/rp2_common/pico_standard_binary_info/standard_binary_info.c.obj
 .binary_info.keep.__bi_ptr26
                0x100072c4        0x4 CMakeFiles/util_pico_spi_slave.dir/C_/Users/NikolaT/.pico-sdk/sdk/2.1.1/src/rp2_common/pico_standard_binary_info/standard_binary_info.c.obj
 *(.binary_info.*)
 .binary_info.__bi_ptr197
                0x100072c8        0x4 CMakeFiles/util_pico_spi_slave.dir/C_/Users/NikolaT/.pico-sdk/sdk/2.1.1/src/rp2_common/pico_stdio_usb/stdio_usb.c.obj
                0x100072cc                        __binary_info_end = .

.rel.dyn        0x100072cc        0x0
 .rel.iplt      0x100072cc        0x0 C:/Users/NikolaT/.pico-sdk/toolchain/14_2_Rel1/bin/../lib/gcc/arm-none-eabi/14.2.1/thumb/v6-m/nofp/crtbegin.o
                0x100072cc                        . = ALIGN (0x4)

.ram_vector_table
                0x20000000       0xc0
 *(.ram_vector_table)
 .ram_vector_table
                0x20000000       0xc0 CMakeFiles/util_pico_spi_slave.dir/C_/Users/NikolaT/.pico-sdk/sdk/2.1.1/src/rp2_common/pico_runtime_init/runtime_init.c.obj
                0x20000000                ram_vector_table

.uninitialized_data
                0x200000c0        0x0
                0x200000c0                        . = ALIGN (0x4)
 *(.uninitialized_data*)

.data           0x200000c0     0x1050 load address 0x100072cc
                0x200000c0                        __data_start__ = .
 *(vtable)
 *(.time_critical*)
 .time_critical.mutex_try_enter
                0x200000c0       0x40 CMakeFiles/util_pico_spi_slave.dir/C_/Users/NikolaT/.pico-sdk/sdk/2.1.1/src/common/pico_sync/mutex.c.obj
                0x200000c0                mutex_try_enter
 .time_critical.mutex_try_enter_block_until
                0x20000100       0x98 CMakeFiles/util_pico_spi_slave.dir/C_/Users/NikolaT/.pico-sdk/sdk/2.1.1/src/common/pico_sync/mutex.c.obj
                0x20000100                mutex_try_enter_block_until
 .time_critical.mutex_enter_timeout_ms
                0x20000198       0x8c CMakeFiles/util_pico_spi_slave.dir/C_/Users/NikolaT/.pico-sdk/sdk/2.1.1/src/common/pico_sync/mutex.c.obj
                0x20000198                mutex_enter_timeout_ms
 .time_critical.mutex_exit
                0x20000224       0x28 CMakeFiles/util_pico_spi_slave.dir/C_/Users/NikolaT/.pico-sdk/sdk/2.1.1/src/common/pico_sync/mutex.c.obj
                0x20000224                mutex_exit
 .time_critical.spi_write_read_blocking
                0x2000024c       0xb0 CMakeFiles/util_pico_spi_slave.dir/C_/Users/NikolaT/.pico-sdk/sdk/2.1.1/src/rp2_common/hardware_spi/spi.c.obj
                0x2000024c                spi_write_read_blocking
 .time_critical.flash_init_boot2_copyout
                0x200002fc       0x30 CMakeFiles/util_pico_spi_slave.dir/C_/Users/NikolaT/.pico-sdk/sdk/2.1.1/src/rp2_common/hardware_flash/flash.c.obj
 .time_critical.flash_enable_xip_via_boot2
                0x2000032c        0xc CMakeFiles/util_pico_spi_slave.dir/C_/Users/NikolaT/.pico-sdk/sdk/2.1.1/src/rp2_common/hardware_flash/flash.c.obj
 .time_critical.flash_cs_force
                0x20000338       0x38 CMakeFiles/util_pico_spi_slave.dir/C_/Users/NikolaT/.pico-sdk/sdk/2.1.1/src/rp2_common/hardware_flash/flash.c.obj
 .time_critical.flash_do_cmd
                0x20000370      0x130 CMakeFiles/util_pico_spi_slave.dir/C_/Users/NikolaT/.pico-sdk/sdk/2.1.1/src/rp2_common/hardware_flash/flash.c.obj
                0x20000370                flash_do_cmd
 .time_critical.reset_non_control_endpoints
                0x200004a0       0x68 CMakeFiles/util_pico_spi_slave.dir/C_/Users/NikolaT/.pico-sdk/sdk/2.1.1/lib/tinyusb/src/portable/raspberrypi/rp2040/dcd_rp2040.c.obj
 .time_critical.hw_handle_buff_status
                0x20000508       0xa0 CMakeFiles/util_pico_spi_slave.dir/C_/Users/NikolaT/.pico-sdk/sdk/2.1.1/lib/tinyusb/src/portable/raspberrypi/rp2040/dcd_rp2040.c.obj
 .time_critical.dcd_rp2040_irq
                0x200005a8      0x548 CMakeFiles/util_pico_spi_slave.dir/C_/Users/NikolaT/.pico-sdk/sdk/2.1.1/lib/tinyusb/src/portable/raspberrypi/rp2040/dcd_rp2040.c.obj
 .time_critical.prepare_ep_buffer
                0x20000af0       0xc8 CMakeFiles/util_pico_spi_slave.dir/C_/Users/NikolaT/.pico-sdk/sdk/2.1.1/lib/tinyusb/src/portable/raspberrypi/rp2040/rp2040_usb.c.obj
 .time_critical.sync_ep_buffer
                0x20000bb8       0x9c CMakeFiles/util_pico_spi_slave.dir/C_/Users/NikolaT/.pico-sdk/sdk/2.1.1/lib/tinyusb/src/portable/raspberrypi/rp2040/rp2040_usb.c.obj
 .time_critical._hw_endpoint_xfer_sync
                0x20000c54       0x28 CMakeFiles/util_pico_spi_slave.dir/C_/Users/NikolaT/.pico-sdk/sdk/2.1.1/lib/tinyusb/src/portable/raspberrypi/rp2040/rp2040_usb.c.obj
 .time_critical.e15_is_bulkin_ep
                0x20000c7c       0x28 CMakeFiles/util_pico_spi_slave.dir/C_/Users/NikolaT/.pico-sdk/sdk/2.1.1/lib/tinyusb/src/portable/raspberrypi/rp2040/rp2040_usb.c.obj
 .time_critical.e15_is_critical_frame_period
                0x20000ca4       0x34 CMakeFiles/util_pico_spi_slave.dir/C_/Users/NikolaT/.pico-sdk/sdk/2.1.1/lib/tinyusb/src/portable/raspberrypi/rp2040/rp2040_usb.c.obj
 .time_critical.hw_endpoint_reset_transfer
                0x20000cd8        0xc CMakeFiles/util_pico_spi_slave.dir/C_/Users/NikolaT/.pico-sdk/sdk/2.1.1/lib/tinyusb/src/portable/raspberrypi/rp2040/rp2040_usb.c.obj
                0x20000cd8                hw_endpoint_reset_transfer
 .time_critical._hw_endpoint_buffer_control_update32
                0x20000ce4       0x50 CMakeFiles/util_pico_spi_slave.dir/C_/Users/NikolaT/.pico-sdk/sdk/2.1.1/lib/tinyusb/src/portable/raspberrypi/rp2040/rp2040_usb.c.obj
                0x20000ce4                _hw_endpoint_buffer_control_update32
 .time_critical.hw_endpoint_start_next_buffer
                0x20000d34       0x68 CMakeFiles/util_pico_spi_slave.dir/C_/Users/NikolaT/.pico-sdk/sdk/2.1.1/lib/tinyusb/src/portable/raspberrypi/rp2040/rp2040_usb.c.obj
                0x20000d34                hw_endpoint_start_next_buffer
 .time_critical.hw_endpoint_xfer_continue
                0x20000d9c       0x40 CMakeFiles/util_pico_spi_slave.dir/C_/Users/NikolaT/.pico-sdk/sdk/2.1.1/lib/tinyusb/src/portable/raspberrypi/rp2040/rp2040_usb.c.obj
                0x20000d9c                hw_endpoint_xfer_continue
 .time_critical.tinyusb
                0x20000ddc      0x1e4 CMakeFiles/util_pico_spi_slave.dir/C_/Users/NikolaT/.pico-sdk/sdk/2.1.1/lib/tinyusb/src/device/usbd.c.obj
                0x20000ddc                dcd_event_handler
 *(.text*)
 .text          0x20000fc0        0x4 C:/Users/NikolaT/.pico-sdk/toolchain/14_2_Rel1/bin/../lib/gcc/arm-none-eabi/14.2.1/thumb/v6-m/nofp\libgcc.a(_dvmd_tls.o)
                0x20000fc0                __aeabi_idiv0
                0x20000fc0                __aeabi_ldiv0
 *fill*         0x20000fc4        0x4 
 .text.__stub   0x20000fc8       0x80 linker stubs
                0x20001048                        . = ALIGN (0x4)
 *(.rodata*)
                0x20001048                        . = ALIGN (0x4)
 *(.data*)
 .data.striped_spin_lock_num
                0x20001048        0x1 CMakeFiles/util_pico_spi_slave.dir/C_/Users/NikolaT/.pico-sdk/sdk/2.1.1/src/rp2_common/hardware_sync/sync.c.obj
 *fill*         0x20001049        0x3 
 .data          0x2000104c       0x48 CMakeFiles/util_pico_spi_slave.dir/C_/Users/NikolaT/.pico-sdk/sdk/2.1.1/src/rp2_common/hardware_irq/irq_handler_chain.S.obj
                0x2000104c                irq_handler_chain_slots
                0x2000107c                irq_handler_chain_first_slot
                0x20001086                irq_handler_chain_remove_tail
 .data.default_alarm_pool
                0x20001094       0x18 CMakeFiles/util_pico_spi_slave.dir/C_/Users/NikolaT/.pico-sdk/sdk/2.1.1/src/common/pico_time/time.c.obj
 *fill*         0x200010ac        0x4 
 .data.aeabi_bits_funcs
                0x200010b0       0x10 CMakeFiles/util_pico_spi_slave.dir/C_/Users/NikolaT/.pico-sdk/sdk/2.1.1/src/rp2_common/pico_bit_ops/bit_ops_aeabi.S.obj
                0x200010b0                aeabi_bits_funcs
                0x200010c0                aeabi_bits_funcs_end
 .data.aeabi_mem_funcs
                0x200010c0       0x10 CMakeFiles/util_pico_spi_slave.dir/C_/Users/NikolaT/.pico-sdk/sdk/2.1.1/src/rp2_common/pico_mem_ops/mem_ops_aeabi.S.obj
                0x200010c0                aeabi_mem_funcs
                0x200010d0                aeabi_mem_funcs_end
 .data.stdio_usb
                0x200010d0       0x18 CMakeFiles/util_pico_spi_slave.dir/C_/Users/NikolaT/.pico-sdk/sdk/2.1.1/src/rp2_common/pico_stdio_usb/stdio_usb.c.obj
                0x200010d0                stdio_usb
 .data._usbd_qdef
                0x200010e8       0x1c CMakeFiles/util_pico_spi_slave.dir/C_/Users/NikolaT/.pico-sdk/sdk/2.1.1/lib/tinyusb/src/device/usbd.c.obj
                0x200010e8                _usbd_qdef
 .data._usbd_rhport
                0x20001104        0x1 CMakeFiles/util_pico_spi_slave.dir/C_/Users/NikolaT/.pico-sdk/sdk/2.1.1/lib/tinyusb/src/device/usbd.c.obj
                0x20001108                        . = ALIGN (0x4)
 *fill*         0x20001105        0x3 
 *(.after_data.*)
                0x20001108                        . = ALIGN (0x4)
                0x20001108                        PROVIDE (__mutex_array_start = .)
 *(SORT_BY_NAME(.mutex_array.*))
 *(.mutex_array)
 .mutex_array   0x20001108        0x8 CMakeFiles/util_pico_spi_slave.dir/C_/Users/NikolaT/.pico-sdk/sdk/2.1.1/src/rp2_common/pico_stdio/stdio.c.obj
                0x20001110                        PROVIDE (__mutex_array_end = .)
                0x20001110                        . = ALIGN (0x4)
 *(.jcr)
                0x20001110                        . = ALIGN (0x4)

.tm_clone_table
                0x20001110        0x0 load address 0x1000831c
 .tm_clone_table
                0x20001110        0x0 C:/Users/NikolaT/.pico-sdk/toolchain/14_2_Rel1/bin/../lib/gcc/arm-none-eabi/14.2.1/thumb/v6-m/nofp/crtbegin.o
 .tm_clone_table
                0x20001110        0x0 C:/Users/NikolaT/.pico-sdk/toolchain/14_2_Rel1/bin/../lib/gcc/arm-none-eabi/14.2.1/thumb/v6-m/nofp/crtend.o

.igot.plt       0x20001110        0x0 load address 0x1000831c
 .igot.plt      0x20001110        0x0 C:/Users/NikolaT/.pico-sdk/toolchain/14_2_Rel1/bin/../lib/gcc/arm-none-eabi/14.2.1/thumb/v6-m/nofp/crtbegin.o

.tdata          0x20001110        0x0 load address 0x1000831c
                0x20001110                        . = ALIGN (0x4)
 *(.tdata .tdata.* .gnu.linkonce.td.*)
                0x20001110                        __tdata_end = .
                0x20001110                        PROVIDE (__data_end__ = .)
                0x100072cc                        __etext = LOADADDR (.data)

.tbss           0x20001110        0x0 load address 0x1000831c
                0x20001110                        . = ALIGN (0x4)
                0x20001110                        __bss_start__ = .
                0x20001110                        __tls_base = .
 *(.tbss .tbss.* .gnu.linkonce.tb.*)
 *(.tcommon)
                0x20001110                        __tls_end = .

.bss            0x20001110      0xefc load address 0x1000831c
                0x20001110                        . = ALIGN (0x4)
                0x20001110                        __tbss_end = .
 *(SORT_BY_ALIGNMENT(SORT_BY_NAME(.bss*)))
 .bss.default_alarm_pool_entries
                0x20001110      0x180 CMakeFiles/util_pico_spi_slave.dir/C_/Users/NikolaT/.pico-sdk/sdk/2.1.1/src/common/pico_time/time.c.obj
 .bss.last_avail_time.1
                0x20001290        0x8 CMakeFiles/util_pico_spi_slave.dir/C_/Users/NikolaT/.pico-sdk/sdk/2.1.1/src/rp2_common/pico_stdio_usb/stdio_usb.c.obj
 .bss.sd_table  0x20001298      0x100 CMakeFiles/util_pico_spi_slave.dir/C_/Users/NikolaT/.pico-sdk/sdk/2.1.1/src/rp2_common/pico_double/double_init_rom_rp2040.c.obj
                0x20001298                sd_table
 .bss.sf_table  0x20001398      0x100 CMakeFiles/util_pico_spi_slave.dir/C_/Users/NikolaT/.pico-sdk/sdk/2.1.1/src/rp2_common/pico_float/float_init_rom_rp2040.c.obj
                0x20001398                sf_table
 .bss._app_driver
                0x20001498        0x4 CMakeFiles/util_pico_spi_slave.dir/C_/Users/NikolaT/.pico-sdk/sdk/2.1.1/lib/tinyusb/src/device/usbd.c.obj
 .bss._cdcd_epbuf
                0x2000149c       0x80 CMakeFiles/util_pico_spi_slave.dir/C_/Users/NikolaT/.pico-sdk/sdk/2.1.1/lib/tinyusb/src/class/cdc/cdc_device.c.obj
 .bss._cdcd_fifo_cfg
                0x2000151c        0x1 CMakeFiles/util_pico_spi_slave.dir/C_/Users/NikolaT/.pico-sdk/sdk/2.1.1/lib/tinyusb/src/class/cdc/cdc_device.c.obj
 *fill*         0x2000151d        0x3 
 .bss._cdcd_itf
                0x20001520       0xc8 CMakeFiles/util_pico_spi_slave.dir/C_/Users/NikolaT/.pico-sdk/sdk/2.1.1/lib/tinyusb/src/class/cdc/cdc_device.c.obj
 .bss._ctrl_epbuf
                0x200015e8       0x40 CMakeFiles/util_pico_spi_slave.dir/C_/Users/NikolaT/.pico-sdk/sdk/2.1.1/lib/tinyusb/src/device/usbd_control.c.obj
 .bss._ctrl_xfer
                0x20001628       0x14 CMakeFiles/util_pico_spi_slave.dir/C_/Users/NikolaT/.pico-sdk/sdk/2.1.1/lib/tinyusb/src/device/usbd_control.c.obj
 .bss._tusb_rhport_role
                0x2000163c        0x2 CMakeFiles/util_pico_spi_slave.dir/C_/Users/NikolaT/.pico-sdk/sdk/2.1.1/lib/tinyusb/src/tusb.c.obj
                0x2000163c                _tusb_rhport_role
 *fill*         0x2000163e        0x2 
 .bss._ubsd_mutexdef
                0x20001640        0x8 CMakeFiles/util_pico_spi_slave.dir/C_/Users/NikolaT/.pico-sdk/sdk/2.1.1/lib/tinyusb/src/device/usbd.c.obj
 .bss._usbd_dev
                0x20001648       0x54 CMakeFiles/util_pico_spi_slave.dir/C_/Users/NikolaT/.pico-sdk/sdk/2.1.1/lib/tinyusb/src/device/usbd.c.obj
 .bss._usbd_mutex
                0x2000169c        0x4 CMakeFiles/util_pico_spi_slave.dir/C_/Users/NikolaT/.pico-sdk/sdk/2.1.1/lib/tinyusb/src/device/usbd.c.obj
 .bss._usbd_q   0x200016a0        0x4 CMakeFiles/util_pico_spi_slave.dir/C_/Users/NikolaT/.pico-sdk/sdk/2.1.1/lib/tinyusb/src/device/usbd.c.obj
 .bss._usbd_qdef_buf
                0x200016a4       0xc0 CMakeFiles/util_pico_spi_slave.dir/C_/Users/NikolaT/.pico-sdk/sdk/2.1.1/lib/tinyusb/src/device/usbd.c.obj
                0x200016a4                _usbd_qdef_buf
 .bss._vendord_epbuf
                0x20001764       0x80 CMakeFiles/util_pico_spi_slave.dir/C_/Users/NikolaT/.pico-sdk/sdk/2.1.1/lib/tinyusb/src/class/vendor/vendor_device.c.obj
 .bss._vendord_itf
                0x200017e4      0x24c CMakeFiles/util_pico_spi_slave.dir/C_/Users/NikolaT/.pico-sdk/sdk/2.1.1/lib/tinyusb/src/class/vendor/vendor_device.c.obj
 .bss.boot2_copyout
                0x20001a30      0x100 CMakeFiles/util_pico_spi_slave.dir/C_/Users/NikolaT/.pico-sdk/sdk/2.1.1/src/rp2_common/hardware_flash/flash.c.obj
 .bss.chars_available_callback
                0x20001b30        0x4 CMakeFiles/util_pico_spi_slave.dir/C_/Users/NikolaT/.pico-sdk/sdk/2.1.1/src/rp2_common/pico_stdio_usb/stdio_usb.c.obj
 .bss.chars_available_param
                0x20001b34        0x4 CMakeFiles/util_pico_spi_slave.dir/C_/Users/NikolaT/.pico-sdk/sdk/2.1.1/src/rp2_common/pico_stdio_usb/stdio_usb.c.obj
 .bss.claimed   0x20001b38        0x4 CMakeFiles/util_pico_spi_slave.dir/C_/Users/NikolaT/.pico-sdk/sdk/2.1.1/src/rp2_common/hardware_sync/sync.c.obj
 .bss.claimed   0x20001b3c        0x1 CMakeFiles/util_pico_spi_slave.dir/C_/Users/NikolaT/.pico-sdk/sdk/2.1.1/src/rp2_common/hardware_timer/timer.c.obj
 *fill*         0x20001b3d        0x3 
 .bss.configured_freq
                0x20001b40       0x28 CMakeFiles/util_pico_spi_slave.dir/C_/Users/NikolaT/.pico-sdk/sdk/2.1.1/src/rp2_common/hardware_clocks/clocks.c.obj
 .bss.desc_str.0
                0x20001b68       0x28 CMakeFiles/util_pico_spi_slave.dir/C_/Users/NikolaT/.pico-sdk/sdk/2.1.1/src/rp2_common/pico_stdio_usb/stdio_usb_descriptors.c.obj
 .bss.drivers   0x20001b90        0x4 CMakeFiles/util_pico_spi_slave.dir/C_/Users/NikolaT/.pico-sdk/sdk/2.1.1/src/rp2_common/pico_stdio/stdio.c.obj
 .bss.e15_last_sof
                0x20001b94        0x4 CMakeFiles/util_pico_spi_slave.dir/C_/Users/NikolaT/.pico-sdk/sdk/2.1.1/lib/tinyusb/src/portable/raspberrypi/rp2040/rp2040_usb.c.obj
                0x20001b94                e15_last_sof
 .bss.filter    0x20001b98        0x4 CMakeFiles/util_pico_spi_slave.dir/C_/Users/NikolaT/.pico-sdk/sdk/2.1.1/src/rp2_common/pico_stdio/stdio.c.obj
 .bss.hw_endpoints
                0x20001b9c      0x400 CMakeFiles/util_pico_spi_slave.dir/C_/Users/NikolaT/.pico-sdk/sdk/2.1.1/lib/tinyusb/src/portable/raspberrypi/rp2040/dcd_rp2040.c.obj
 .bss.lazy_vsnprintf
                0x20001f9c        0x4 CMakeFiles/util_pico_spi_slave.dir/C_/Users/NikolaT/.pico-sdk/sdk/2.1.1/src/rp2_common/pico_printf/printf.c.obj
 .bss.load_value
                0x20001fa0        0x4 CMakeFiles/util_pico_spi_slave.dir/C_/Users/NikolaT/.pico-sdk/sdk/2.1.1/src/rp2_common/hardware_watchdog/watchdog.c.obj
 .bss.next_buffer_ptr
                0x20001fa4        0x4 CMakeFiles/util_pico_spi_slave.dir/C_/Users/NikolaT/.pico-sdk/sdk/2.1.1/lib/tinyusb/src/portable/raspberrypi/rp2040/dcd_rp2040.c.obj
 .bss.object.0  0x20001fa8       0x18 C:/Users/NikolaT/.pico-sdk/toolchain/14_2_Rel1/bin/../lib/gcc/arm-none-eabi/14.2.1/thumb/v6-m/nofp/crtbegin.o
 .bss.one_shot_timer_crit_sec
                0x20001fc0        0x8 CMakeFiles/util_pico_spi_slave.dir/C_/Users/NikolaT/.pico-sdk/sdk/2.1.1/src/rp2_common/pico_stdio_usb/stdio_usb.c.obj
 .bss.pools     0x20001fc8       0x10 CMakeFiles/util_pico_spi_slave.dir/C_/Users/NikolaT/.pico-sdk/sdk/2.1.1/src/common/pico_time/time.c.obj
 .bss.retrieved_id
                0x20001fd8        0x8 CMakeFiles/util_pico_spi_slave.dir/C_/Users/NikolaT/.pico-sdk/sdk/2.1.1/src/rp2_common/pico_unique_id/unique_id.c.obj
 .bss.sf_clz_func
                0x20001fe0        0x4 CMakeFiles/util_pico_spi_slave.dir/C_/Users/NikolaT/.pico-sdk/sdk/2.1.1/src/rp2_common/pico_double/double_init_rom_rp2040.c.obj
                0x20001fe0                sf_clz_func
 .bss.sleep_notifier
                0x20001fe4        0x4 CMakeFiles/util_pico_spi_slave.dir/C_/Users/NikolaT/.pico-sdk/sdk/2.1.1/src/common/pico_time/time.c.obj
 .bss.stdio_usb_mutex
                0x20001fe8        0x8 CMakeFiles/util_pico_spi_slave.dir/C_/Users/NikolaT/.pico-sdk/sdk/2.1.1/src/rp2_common/pico_stdio_usb/stdio_usb.c.obj
 .bss.usbd_serial_str
                0x20001ff0       0x11 CMakeFiles/util_pico_spi_slave.dir/C_/Users/NikolaT/.pico-sdk/sdk/2.1.1/src/rp2_common/pico_stdio_usb/stdio_usb_descriptors.c.obj
 .bss._app_driver_count
                0x20002001        0x1 CMakeFiles/util_pico_spi_slave.dir/C_/Users/NikolaT/.pico-sdk/sdk/2.1.1/lib/tinyusb/src/device/usbd.c.obj
 .bss._sof_enable
                0x20002002        0x1 CMakeFiles/util_pico_spi_slave.dir/C_/Users/NikolaT/.pico-sdk/sdk/2.1.1/lib/tinyusb/src/portable/raspberrypi/rp2040/dcd_rp2040.c.obj
 .bss._usbd_queued_setup
                0x20002003        0x1 CMakeFiles/util_pico_spi_slave.dir/C_/Users/NikolaT/.pico-sdk/sdk/2.1.1/lib/tinyusb/src/device/usbd.c.obj
 .bss.boot2_copyout_valid
                0x20002004        0x1 CMakeFiles/util_pico_spi_slave.dir/C_/Users/NikolaT/.pico-sdk/sdk/2.1.1/src/rp2_common/hardware_flash/flash.c.obj
 .bss.irq_handler_chain_free_slot_head
                0x20002005        0x1 CMakeFiles/util_pico_spi_slave.dir/C_/Users/NikolaT/.pico-sdk/sdk/2.1.1/src/rp2_common/hardware_irq/irq.c.obj
 .bss.itf_num   0x20002006        0x1 CMakeFiles/util_pico_spi_slave.dir/C_/Users/NikolaT/.pico-sdk/sdk/2.1.1/src/rp2_common/pico_stdio_usb/reset_interface.c.obj
 .bss.low_priority_irq_num
                0x20002007        0x1 CMakeFiles/util_pico_spi_slave.dir/C_/Users/NikolaT/.pico-sdk/sdk/2.1.1/src/rp2_common/pico_stdio_usb/stdio_usb.c.obj
 .bss.one_shot_timer_pending
                0x20002008        0x1 CMakeFiles/util_pico_spi_slave.dir/C_/Users/NikolaT/.pico-sdk/sdk/2.1.1/src/rp2_common/pico_stdio_usb/stdio_usb.c.obj
 .bss.user_irq_claimed
                0x20002009        0x1 CMakeFiles/util_pico_spi_slave.dir/C_/Users/NikolaT/.pico-sdk/sdk/2.1.1/src/rp2_common/hardware_irq/irq.c.obj
 *(COMMON)
                0x2000200c                        . = ALIGN (0x4)
 *fill*         0x2000200a        0x2 
                0x2000200c                        __bss_end__ = .

.heap           0x2000200c      0x800 load address 0x1000831c
                0x2000200c                        __end__ = .
                0x2000200c                        end = __end__
 *(.heap*)
 .heap          0x2000200c      0x800 CMakeFiles/util_pico_spi_slave.dir/C_/Users/NikolaT/.pico-sdk/sdk/2.1.1/src/rp2_common/pico_crt0/crt0.S.obj
                0x20040000                        __HeapLimit = (ORIGIN (RAM) + LENGTH (RAM))

.scratch_x      0x20040000        0x0 load address 0x1000831c
                0x20040000                        __scratch_x_start__ = .
 *(.scratch_x.*)
                0x20040000                        . = ALIGN (0x4)
                0x20040000                        __scratch_x_end__ = .
                0x1000831c                        __scratch_x_source__ = LOADADDR (.scratch_x)

.scratch_y      0x20041000        0x0 load address 0x1000831c
                0x20041000                        __scratch_y_start__ = .
 *(.scratch_y.*)
                0x20041000                        . = ALIGN (0x4)
                0x20041000                        __scratch_y_end__ = .
                0x1000831c                        __scratch_y_source__ = LOADADDR (.scratch_y)

.stack1_dummy
 *(.stack1*)

.stack_dummy    0x20041000      0x800
 *(.stack*)
 .stack         0x20041000      0x800 CMakeFiles/util_pico_spi_slave.dir/C_/Users/NikolaT/.pico-sdk/sdk/2.1.1/src/rp2_common/pico_crt0/crt0.S.obj

.flash_end      0x1000831c        0x0
 *(.embedded_end_block*)
                0x1000831c                        PROVIDE (__flash_binary_end = .)
                0x20040000                        __StackLimit = (ORIGIN (RAM) + LENGTH (RAM))
                0x20041000                        __StackOneTop = (ORIGIN (SCRATCH_X) + LENGTH (SCRATCH_X))
                0x20042000                        __StackTop = (ORIGIN (SCRATCH_Y) + LENGTH (SCRATCH_Y))
                0x20041000                        __StackOneBottom = (__StackOneTop - SIZEOF (.stack1_dummy))
                0x20041800                        __StackBottom = (__StackTop - SIZEOF (.stack_dummy))
                0x20042000                        PROVIDE (__stack = __StackTop)
                [!provide]                        PROVIDE (__heap_start = __end__)
                [!provide]                        PROVIDE (__heap_end = __HeapLimit)
                [!provide]                        PROVIDE (__tls_align = MAX (ALIGNOF (.tdata), ALIGNOF (.tbss)))
                [!provide]                        PROVIDE (__tls_size_align = (((__tls_size + __tls_align) - 0x1) & ~ ((__tls_align - 0x1))))
                [!provide]                        PROVIDE (__arm32_tls_tcb_offset = MAX (0x8, __tls_align))
                [!provide]                        PROVIDE (_end = __end__)
                [!provide]                        PROVIDE (__llvm_libc_heap_limit = __HeapLimit)
                0x00000001                        ASSERT ((__StackLimit >= __HeapLimit), region RAM overflowed)
                0x00000001                        ASSERT (((__binary_info_header_end - __logical_binary_start) <= 0x100), Binary info must be in first 256 bytes of the binary)
LOAD CMakeFiles/util_pico_spi_slave.dir/util_pico_spi_slave.c.obj
LOAD CMakeFiles/util_pico_spi_slave.dir/C_/Users/NikolaT/.pico-sdk/sdk/2.1.1/src/rp2_common/hardware_gpio/gpio.c.obj
LOAD CMakeFiles/util_pico_spi_slave.dir/C_/Users/NikolaT/.pico-sdk/sdk/2.1.1/src/rp2040/pico_platform/platform.c.obj
LOAD CMakeFiles/util_pico_spi_slave.dir/C_/Users/NikolaT/.pico-sdk/sdk/2.1.1/src/rp2_common/pico_platform_panic/panic.c.obj
LOAD CMakeFiles/util_pico_spi_slave.dir/C_/Users/NikolaT/.pico-sdk/sdk/2.1.1/src/common/hardware_claim/claim.c.obj
LOAD CMakeFiles/util_pico_spi_slave.dir/C_/Users/NikolaT/.pico-sdk/sdk/2.1.1/src/rp2_common/hardware_sync/sync.c.obj
LOAD CMakeFiles/util_pico_spi_slave.dir/C_/Users/NikolaT/.pico-sdk/sdk/2.1.1/src/rp2_common/hardware_sync_spin_lock/sync_spin_lock.c.obj
LOAD CMakeFiles/util_pico_spi_slave.dir/C_/Users/NikolaT/.pico-sdk/sdk/2.1.1/src/rp2_common/hardware_irq/irq.c.obj
LOAD CMakeFiles/util_pico_spi_slave.dir/C_/Users/NikolaT/.pico-sdk/sdk/2.1.1/src/rp2_common/hardware_irq/irq_handler_chain.S.obj
LOAD CMakeFiles/util_pico_spi_slave.dir/C_/Users/NikolaT/.pico-sdk/sdk/2.1.1/src/common/pico_sync/sem.c.obj